This file contains any messages produced by compilers while
running configure, to aid debugging if configure makes a mistake.

It was created by libjpeg configure 9.4.0, which was
generated by GNU Autoconf 2.69.  Invocation command line was

  $ ./configure --host=mips-linux-gnu --prefix=/root/jpeg-9d/_Install --enable-static --disable-shared

## --------- ##
## Platform. ##
## --------- ##

hostname = c27a9558ddc8
uname -m = x86_64
uname -r = 5.15.167.4-microsoft-standard-WSL2
uname -s = Linux
uname -v = #1 SMP Tue Nov 5 00:21:55 UTC 2024

/usr/bin/uname -p = unknown
/bin/uname -X     = unknown

/bin/arch              = unknown
/usr/bin/arch -k       = unknown
/usr/convex/getsysinfo = unknown
/usr/bin/hostinfo      = unknown
/bin/machine           = unknown
/usr/bin/oslevel       = unknown
/bin/universe          = unknown

PATH: /usr/local/sbin
PATH: /usr/local/bin
PATH: /usr/sbin
PATH: /usr/bin
PATH: /sbin
PATH: /bin


## ----------- ##
## Core tests. ##
## ----------- ##

configure:2274: checking build system type
configure:2288: result: x86_64-pc-linux-gnu
configure:2308: checking host system type
configure:2321: result: mips-unknown-linux-gnu
configure:2341: checking target system type
configure:2354: result: mips-unknown-linux-gnu
configure:2399: checking for a BSD-compatible install
configure:2467: result: /usr/bin/install -c
configure:2478: checking whether build environment is sane
configure:2533: result: yes
configure:2592: checking for mips-linux-gnu-strip
configure:2608: found /usr/bin/mips-linux-gnu-strip
configure:2619: result: mips-linux-gnu-strip
configure:2684: checking for a thread-safe mkdir -p
configure:2723: result: /bin/mkdir -p
configure:2730: checking for gawk
configure:2760: result: no
configure:2730: checking for mawk
configure:2746: found /usr/bin/mawk
configure:2757: result: mawk
configure:2768: checking whether make sets $(MAKE)
configure:2790: result: yes
configure:2819: checking whether make supports nested variables
configure:2836: result: yes
configure:2977: checking whether make supports nested variables
configure:2994: result: yes
configure:3010: checking whether to enable maintainer-specific portions of Makefiles
configure:3019: result: no
configure:3042: checking for mips-linux-gnu-gcc
configure:3069: result: /root/toolchain/bin/mipsel-linux-gcc
configure:3338: checking for C compiler version
configure:3347: /root/toolchain/bin/mipsel-linux-gcc --version >&5
mipsel-linux-gcc.br_real (Buildroot -g5f4a655c) 14.2.0
Copyright (C) 2024 Free Software Foundation, Inc.
This is free software; see the source for copying conditions.  There is NO
warranty; not even for MERCHANTABILITY or FITNESS FOR A PARTICULAR PURPOSE.

configure:3358: $? = 0
configure:3347: /root/toolchain/bin/mipsel-linux-gcc -v >&5
Using built-in specs.
COLLECT_GCC=/root/toolchain/bin/mipsel-linux-gcc.br_real
COLLECT_LTO_WRAPPER=/root/toolchain/bin/../libexec/gcc/mipsel-thingino-linux-gnu/14.2.0/lto-wrapper
Target: mipsel-thingino-linux-gnu
Configured with: ./configure --prefix=/github/home/output/toolchain_xburst1_gnu_gcc14/per-package/host-gcc-final/host --sysconfdir=/github/home/output/toolchain_xburst1_gnu_gcc14/per-package/host-gcc-final/host/etc --enable-static --target=mipsel-thingino-linux-gnu --with-sysroot=/github/home/output/toolchain_xburst1_gnu_gcc14/per-package/host-gcc-final/host/mipsel-thingino-linux-gnu/sysroot --enable-__cxa_atexit --with-gnu-ld --disable-libssp --disable-multilib --disable-decimal-float --enable-plugins --enable-lto --with-gmp=/github/home/output/toolchain_xburst1_gnu_gcc14/per-package/host-gcc-final/host --with-mpc=/github/home/output/toolchain_xburst1_gnu_gcc14/per-package/host-gcc-final/host --with-mpfr=/github/home/output/toolchain_xburst1_gnu_gcc14/per-package/host-gcc-final/host --with-pkgversion='Buildroot -g5f4a655c' --with-bugurl=https://gitlab.com/buildroot.org/buildroot/-/issues --without-zstd --with-debug-prefix-map=/github/home/output/toolchain_xburst1_gnu_gcc14=buildroot --disable-libquadmath --disable-libquadmath-support --disable-libsanitizer --enable-tls --enable-threads --without-isl --without-cloog --with-arch=mips32r2 --with-abi=32 --with-nan=legacy --with-fp-32=32 --enable-languages=c,c++ --with-build-time-tools=/github/home/output/toolchain_xburst1_gnu_gcc14/per-package/host-gcc-final/host/mipsel-thingino-linux-gnu/bin --enable-shared --disable-libgomp
Thread model: posix
Supported LTO compression algorithms: zlib
gcc version 14.2.0 (Buildroot -g5f4a655c) 
COMPILER_PATH=/root/toolchain/bin/../libexec/gcc/mipsel-thingino-linux-gnu/14.2.0/:/root/toolchain/bin/../libexec/gcc/:/root/toolchain/bin/../lib/gcc/mipsel-thingino-linux-gnu/14.2.0/../../../../mipsel-thingino-linux-gnu/bin/
LIBRARY_PATH=/root/toolchain/bin/../lib/gcc/mipsel-thingino-linux-gnu/14.2.0/:/root/toolchain/bin/../lib/gcc/:/root/toolchain/bin/../lib/gcc/mipsel-thingino-linux-gnu/14.2.0/../../../../mipsel-thingino-linux-gnu/lib/:/root/toolchain/mipsel-thingino-linux-gnu/sysroot/lib/:/root/toolchain/mipsel-thingino-linux-gnu/sysroot/usr/lib/
... rest of stderr output deleted ...
configure:3358: $? = 1
configure:3347: /root/toolchain/bin/mipsel-linux-gcc -V >&5
mipsel-linux-gcc.br_real: error: unrecognized command-line option '-V'
configure:3358: $? = 1
configure:3347: /root/toolchain/bin/mipsel-linux-gcc -qversion >&5
mipsel-linux-gcc.br_real: error: unrecognized command-line option '-qversion'; did you mean '--version'?
configure:3358: $? = 1
configure:3378: checking whether the C compiler works
configure:3400: /root/toolchain/bin/mipsel-linux-gcc -muclibc -O3 -muclibc -O3 -muclibc -O3 conftest.c  >&5
configure:3404: $? = 0
configure:3452: result: yes
configure:3455: checking for C compiler default output file name
configure:3457: result: a.out
configure:3463: checking for suffix of executables
configure:3470: /root/toolchain/bin/mipsel-linux-gcc -o conftest -muclibc -O3 -muclibc -O3 -muclibc -O3 conftest.c  >&5
configure:3474: $? = 0
configure:3496: result: 
configure:3518: checking whether we are cross compiling
configure:3526: /root/toolchain/bin/mipsel-linux-gcc -o conftest -muclibc -O3 -muclibc -O3 -muclibc -O3 conftest.c  >&5
configure:3530: $? = 0
configure:3537: ./conftest
./configure: line 3539: ./conftest: cannot execute binary file: Exec format error
configure:3541: $? = 126
configure:3556: result: yes
configure:3561: checking for suffix of object files
configure:3583: /root/toolchain/bin/mipsel-linux-gcc -c -muclibc -O3 -muclibc -O3 conftest.c >&5
configure:3587: $? = 0
configure:3608: result: o
configure:3612: checking whether we are using the GNU C compiler
configure:3631: /root/toolchain/bin/mipsel-linux-gcc -c -muclibc -O3 -muclibc -O3 conftest.c >&5
configure:3631: $? = 0
configure:3640: result: yes
configure:3649: checking whether /root/toolchain/bin/mipsel-linux-gcc accepts -g
configure:3669: /root/toolchain/bin/mipsel-linux-gcc -c -g -muclibc -O3 conftest.c >&5
configure:3669: $? = 0
configure:3710: result: yes
configure:3727: checking for /root/toolchain/bin/mipsel-linux-gcc option to accept ISO C89
configure:3790: /root/toolchain/bin/mipsel-linux-gcc  -c -muclibc -O3 -muclibc -O3 conftest.c >&5
configure:3790: $? = 0
configure:3803: result: none needed
configure:3828: checking whether /root/toolchain/bin/mipsel-linux-gcc understands -c and -o together
configure:3850: /root/toolchain/bin/mipsel-linux-gcc -c conftest.c -o conftest2.o
configure:3853: $? = 0
configure:3850: /root/toolchain/bin/mipsel-linux-gcc -c conftest.c -o conftest2.o
configure:3853: $? = 0
configure:3865: result: yes
configure:3885: checking whether make supports the include directive
configure:3900: make -f confmf.GNU && cat confinc.out
this is the am__doit target
configure:3903: $? = 0
configure:3922: result: yes (GNU style)
configure:3947: checking dependency style of /root/toolchain/bin/mipsel-linux-gcc
configure:4058: result: gcc3
configure:4077: checking for /root/toolchain/bin/mipsel-linux-gcc option to accept ISO C99
configure:4226: /root/toolchain/bin/mipsel-linux-gcc  -c -muclibc -O3 -muclibc -O3 conftest.c >&5
configure:4226: $? = 0
configure:4239: result: none needed
configure:4347: checking for /root/toolchain/bin/mipsel-linux-gcc option to accept ISO Standard C
configure:4358: result: none needed
configure:4370: checking how to run the C preprocessor
configure:4401: /root/toolchain/bin/mipsel-linux-gcc -E -muclibc -O3 conftest.c
configure:4401: $? = 0
configure:4415: /root/toolchain/bin/mipsel-linux-gcc -E -muclibc -O3 conftest.c
conftest.c:11:10: fatal error: ac_nonexistent.h: No such file or directory
   11 | #include <ac_nonexistent.h>
      |          ^~~~~~~~~~~~~~~~~~
compilation terminated.
configure:4415: $? = 1
configure: failed program was:
| /* confdefs.h */
| #define PACKAGE_NAME "libjpeg"
| #define PACKAGE_TARNAME "libjpeg"
| #define PACKAGE_VERSION "9.4.0"
| #define PACKAGE_STRING "libjpeg 9.4.0"
| #define PACKAGE_BUGREPORT ""
| #define PACKAGE_URL ""
| #define PACKAGE "libjpeg"
| #define VERSION "9.4.0"
| /* end confdefs.h.  */
| #include <ac_nonexistent.h>
configure:4440: result: /root/toolchain/bin/mipsel-linux-gcc -E
configure:4460: /root/toolchain/bin/mipsel-linux-gcc -E -muclibc -O3 conftest.c
configure:4460: $? = 0
configure:4474: /root/toolchain/bin/mipsel-linux-gcc -E -muclibc -O3 conftest.c
conftest.c:11:10: fatal error: ac_nonexistent.h: No such file or directory
   11 | #include <ac_nonexistent.h>
      |          ^~~~~~~~~~~~~~~~~~
compilation terminated.
configure:4474: $? = 1
configure: failed program was:
| /* confdefs.h */
| #define PACKAGE_NAME "libjpeg"
| #define PACKAGE_TARNAME "libjpeg"
| #define PACKAGE_VERSION "9.4.0"
| #define PACKAGE_STRING "libjpeg 9.4.0"
| #define PACKAGE_BUGREPORT ""
| #define PACKAGE_URL ""
| #define PACKAGE "libjpeg"
| #define VERSION "9.4.0"
| /* end confdefs.h.  */
| #include <ac_nonexistent.h>
configure:4503: checking whether make sets $(MAKE)
configure:4525: result: yes
configure:4534: checking whether ln -s works
configure:4538: result: yes
configure:4551: checking for mips-linux-gnu-ar
configure:4567: found /usr/bin/mips-linux-gnu-ar
configure:4578: result: mips-linux-gnu-ar
configure:4648: checking the archiver (mips-linux-gnu-ar) interface
configure:4664: /root/toolchain/bin/mipsel-linux-gcc -c -muclibc -O3 -muclibc -O3 conftest.c >&5
configure:4664: $? = 0
configure:4666: mips-linux-gnu-ar cru libconftest.a conftest.o >&5
mips-linux-gnu-ar: `u' modifier ignored since `D' is the default (see `U')
configure:4669: $? = 0
configure:4697: result: ar
configure:4726: checking if LD -Wl,--version-script works
configure:4750: /root/toolchain/bin/mipsel-linux-gcc -o conftest -muclibc -O3 -muclibc -O3 -muclibc -O3 -Wl,--version-script=conftest.map conftest.c  >&5
configure:4750: $? = 0
configure:4759: result: yes
configure:4772: checking for function prototypes
configure:4792: /root/toolchain/bin/mipsel-linux-gcc -c -muclibc -O3 -muclibc -O3 conftest.c >&5
configure:4792: $? = 0
configure:4800: result: yes
configure:4821: checking for grep that handles long lines and -e
configure:4879: result: /bin/grep
configure:4884: checking for egrep
configure:4946: result: /bin/grep -E
configure:4951: checking for ANSI C header files
configure:4971: /root/toolchain/bin/mipsel-linux-gcc -c -muclibc -O3 -muclibc -O3 conftest.c >&5
configure:4971: $? = 0
configure:5055: result: yes
configure:5068: checking for sys/types.h
configure:5068: /root/toolchain/bin/mipsel-linux-gcc -c -muclibc -O3 -muclibc -O3 conftest.c >&5
configure:5068: $? = 0
configure:5068: result: yes
configure:5068: checking for sys/stat.h
configure:5068: /root/toolchain/bin/mipsel-linux-gcc -c -muclibc -O3 -muclibc -O3 conftest.c >&5
configure:5068: $? = 0
configure:5068: result: yes
configure:5068: checking for stdlib.h
configure:5068: /root/toolchain/bin/mipsel-linux-gcc -c -muclibc -O3 -muclibc -O3 conftest.c >&5
configure:5068: $? = 0
configure:5068: result: yes
configure:5068: checking for string.h
configure:5068: /root/toolchain/bin/mipsel-linux-gcc -c -muclibc -O3 -muclibc -O3 conftest.c >&5
configure:5068: $? = 0
configure:5068: result: yes
configure:5068: checking for memory.h
configure:5068: /root/toolchain/bin/mipsel-linux-gcc -c -muclibc -O3 -muclibc -O3 conftest.c >&5
configure:5068: $? = 0
configure:5068: result: yes
configure:5068: checking for strings.h
configure:5068: /root/toolchain/bin/mipsel-linux-gcc -c -muclibc -O3 -muclibc -O3 conftest.c >&5
configure:5068: $? = 0
configure:5068: result: yes
configure:5068: checking for inttypes.h
configure:5068: /root/toolchain/bin/mipsel-linux-gcc -c -muclibc -O3 -muclibc -O3 conftest.c >&5
configure:5068: $? = 0
configure:5068: result: yes
configure:5068: checking for stdint.h
configure:5068: /root/toolchain/bin/mipsel-linux-gcc -c -muclibc -O3 -muclibc -O3 conftest.c >&5
configure:5068: $? = 0
configure:5068: result: yes
configure:5068: checking for unistd.h
configure:5068: /root/toolchain/bin/mipsel-linux-gcc -c -muclibc -O3 -muclibc -O3 conftest.c >&5
configure:5068: $? = 0
configure:5068: result: yes
configure:5083: checking stddef.h usability
configure:5083: /root/toolchain/bin/mipsel-linux-gcc -c -muclibc -O3 -muclibc -O3 conftest.c >&5
configure:5083: $? = 0
configure:5083: result: yes
configure:5083: checking stddef.h presence
configure:5083: /root/toolchain/bin/mipsel-linux-gcc -E -muclibc -O3 conftest.c
configure:5083: $? = 0
configure:5083: result: yes
configure:5083: checking for stddef.h
configure:5083: result: yes
configure:5083: checking for stdlib.h
configure:5083: result: yes
configure:5083: checking locale.h usability
configure:5083: /root/toolchain/bin/mipsel-linux-gcc -c -muclibc -O3 -muclibc -O3 conftest.c >&5
configure:5083: $? = 0
configure:5083: result: yes
configure:5083: checking locale.h presence
configure:5083: /root/toolchain/bin/mipsel-linux-gcc -E -muclibc -O3 conftest.c
configure:5083: $? = 0
configure:5083: result: yes
configure:5083: checking for locale.h
configure:5083: result: yes
configure:5093: checking for string.h
configure:5093: result: yes
configure:5106: checking for size_t
configure:5133: /root/toolchain/bin/mipsel-linux-gcc -c -muclibc -O3 -muclibc -O3 conftest.c >&5
configure:5133: $? = 0
configure:5139: result: yes
configure:5175: checking for type unsigned char
configure:5188: /root/toolchain/bin/mipsel-linux-gcc -c -muclibc -O3 -muclibc -O3 conftest.c >&5
configure:5188: $? = 0
configure:5189: result: yes
configure:5200: checking for type unsigned short
configure:5213: /root/toolchain/bin/mipsel-linux-gcc -c -muclibc -O3 -muclibc -O3 conftest.c >&5
configure:5213: $? = 0
configure:5214: result: yes
configure:5225: checking for type void
configure:5259: /root/toolchain/bin/mipsel-linux-gcc -c -muclibc -O3 -muclibc -O3 conftest.c >&5
configure:5259: $? = 0
configure:5260: result: yes
configure:5270: checking for an ANSI C-conforming const
configure:5336: /root/toolchain/bin/mipsel-linux-gcc -c -muclibc -O3 -muclibc -O3 conftest.c >&5
configure:5336: $? = 0
configure:5343: result: yes
configure:5353: checking for inline
configure:5368: /root/toolchain/bin/mipsel-linux-gcc -c -muclibc -O3 -muclibc -O3 conftest.c >&5
configure:5368: $? = 0
configure:5406: result: __inline__
configure:5415: checking for broken incomplete types
configure:5428: /root/toolchain/bin/mipsel-linux-gcc -c -muclibc -O3 -muclibc -O3 conftest.c >&5
configure:5428: $? = 0
configure:5429: result: ok
configure:5441: checking for short external names
configure:5457: /root/toolchain/bin/mipsel-linux-gcc -o conftest -muclibc -O3 -muclibc -O3 -muclibc -O3 conftest.c  >&5
configure:5457: $? = 0
configure:5458: result: ok
configure:5471: checking to see if char is signed
configure:5475: WARNING: Assuming that char is signed on target machine.
    If it is unsigned, this will be a little bit inefficient.
configure:5523: checking to see if right shift is signed
configure:5526: result: Assuming that right shift is signed on target machine.
configure:5578: checking to see if fopen accepts b spec
configure:5581: result: Assuming that it does.
configure:5962: checking how to print strings
configure:5989: result: printf
configure:6010: checking for a sed that does not truncate output
configure:6074: result: /bin/sed
configure:6092: checking for fgrep
configure:6154: result: /bin/grep -F
configure:6189: checking for ld used by /root/toolchain/bin/mipsel-linux-gcc
configure:6256: result: /root/toolchain/bin/mipsel-linux-ld
configure:6263: checking if the linker (/root/toolchain/bin/mipsel-linux-ld) is GNU ld
configure:6278: result: yes
configure:6290: checking for BSD- or MS-compatible name lister (nm)
configure:6344: result: /usr/bin/mips-linux-gnu-nm -B
configure:6474: checking the name lister (/usr/bin/mips-linux-gnu-nm -B) interface
configure:6481: /root/toolchain/bin/mipsel-linux-gcc -c -muclibc -O3 -muclibc -O3 conftest.c >&5
configure:6484: /usr/bin/mips-linux-gnu-nm -B "conftest.o"
configure:6487: output
00000000 B some_variable
configure:6494: result: BSD nm
configure:6498: checking the maximum length of command line arguments
configure:6629: result: 1572864
configure:6677: checking how to convert x86_64-pc-linux-gnu file names to mips-unknown-linux-gnu format
configure:6717: result: func_convert_file_noop
configure:6724: checking how to convert x86_64-pc-linux-gnu file names to toolchain format
configure:6744: result: func_convert_file_noop
configure:6751: checking for /root/toolchain/bin/mipsel-linux-ld option to reload object files
configure:6758: result: -r
configure:6792: checking for mips-linux-gnu-objdump
configure:6819: result: objdump
configure:6888: checking how to recognize dependent libraries
configure:7088: result: pass_all
configure:7133: checking for mips-linux-gnu-dlltool
configure:7160: result: dlltool
configure:7230: checking how to associate runtime and link libraries
configure:7257: result: printf %s\n
configure:7273: checking for mips-linux-gnu-ar
configure:7300: result: mips-linux-gnu-ar
configure:7381: checking for archiver @FILE support
configure:7398: /root/toolchain/bin/mipsel-linux-gcc -c -muclibc -O3 -muclibc -O3 conftest.c >&5
configure:7398: $? = 0
configure:7401: mips-linux-gnu-ar cru libconftest.a @conftest.lst >&5
mips-linux-gnu-ar: `u' modifier ignored since `D' is the default (see `U')
configure:7404: $? = 0
configure:7409: mips-linux-gnu-ar cru libconftest.a @conftest.lst >&5
mips-linux-gnu-ar: `u' modifier ignored since `D' is the default (see `U')
mips-linux-gnu-ar: conftest.o: No such file or directory
configure:7412: $? = 1
configure:7424: result: @
configure:7442: checking for mips-linux-gnu-strip
configure:7469: result: mips-linux-gnu-strip
configure:7541: checking for mips-linux-gnu-ranlib
configure:7557: found /usr/bin/mips-linux-gnu-ranlib
configure:7568: result: mips-linux-gnu-ranlib
configure:7710: checking command to parse /usr/bin/mips-linux-gnu-nm -B output from /root/toolchain/bin/mipsel-linux-gcc object
configure:7863: /root/toolchain/bin/mipsel-linux-gcc -c -muclibc -O3 -muclibc -O3 conftest.c >&5
configure:7866: $? = 0
configure:7870: /usr/bin/mips-linux-gnu-nm -B conftest.o \| sed -n -e 's/^.*[ ]\([ABCDGIRSTW][ABCDGIRSTW]*\)[ ][ ]*\([_A-Za-z][_A-Za-z0-9]*\)$/\1 \2 \2/p' | sed '/ __gnu_lto/d' \> conftest.nm
configure:7873: $? = 0
configure:7939: /root/toolchain/bin/mipsel-linux-gcc -o conftest -muclibc -O3 -muclibc -O3 -muclibc -O3 conftest.c conftstm.o >&5
configure:7942: $? = 0
configure:7980: result: ok
configure:8027: checking for sysroot
configure:8057: result: no
configure:8064: checking for a working dd
configure:8102: result: /bin/dd
configure:8106: checking how to truncate binary pipes
configure:8121: result: /bin/dd bs=4096 count=1
configure:8410: checking for mips-linux-gnu-mt
configure:8440: result: no
configure:8450: checking for mt
configure:8480: result: no
configure:8500: checking if : is a manifest tool
configure:8506: : '-?'
configure:8514: result: no
configure:9188: checking for dlfcn.h
configure:9188: /root/toolchain/bin/mipsel-linux-gcc -c -muclibc -O3 -muclibc -O3 conftest.c >&5
configure:9188: $? = 0
configure:9188: result: yes
configure:9442: checking for objdir
configure:9457: result: .libs
configure:9717: checking if /root/toolchain/bin/mipsel-linux-gcc supports -fno-rtti -fno-exceptions
configure:9735: /root/toolchain/bin/mipsel-linux-gcc -c -muclibc -O3 -muclibc -O3 -fno-rtti -fno-exceptions conftest.c >&5
cc1: warning: command-line option '-fno-rtti' is valid for C++/D/ObjC++ but not for C
configure:9739: $? = 0
configure:9752: result: no
configure:10110: checking for /root/toolchain/bin/mipsel-linux-gcc option to produce PIC
configure:10117: result: -fPIC -DPIC
configure:10125: checking if /root/toolchain/bin/mipsel-linux-gcc PIC flag -fPIC -DPIC works
configure:10143: /root/toolchain/bin/mipsel-linux-gcc -c -muclibc -O3 -muclibc -O3 -fPIC -DPIC -DPIC conftest.c >&5
configure:10147: $? = 0
configure:10160: result: yes
configure:10189: checking if /root/toolchain/bin/mipsel-linux-gcc static flag -static works
configure:10217: result: yes
configure:10232: checking if /root/toolchain/bin/mipsel-linux-gcc supports -c -o file.o
configure:10253: /root/toolchain/bin/mipsel-linux-gcc -c -muclibc -O3 -muclibc -O3 -o out/conftest2.o conftest.c >&5
configure:10257: $? = 0
configure:10279: result: yes
configure:10287: checking if /root/toolchain/bin/mipsel-linux-gcc supports -c -o file.o
configure:10334: result: yes
configure:10367: checking whether the /root/toolchain/bin/mipsel-linux-gcc linker (/root/toolchain/bin/mipsel-linux-ld) supports shared libraries
configure:11626: result: yes
configure:11866: checking dynamic linker characteristics
configure:12447: /root/toolchain/bin/mipsel-linux-gcc -o conftest -muclibc -O3 -muclibc -O3 -muclibc -O3 -Wl,-rpath -Wl,/foo conftest.c  >&5
configure:12447: $? = 0
configure:12684: result: GNU/Linux ld.so
configure:12806: checking how to hardcode library paths into programs
configure:12831: result: immediate
configure:13379: checking whether stripping libraries is possible
configure:13384: result: yes
configure:13419: checking if libtool supports shared libraries
configure:13421: result: yes
configure:13424: checking whether to build shared libraries
configure:13449: result: no
configure:13452: checking whether to build static libraries
configure:13456: result: yes
configure:13575: checking libjpeg version number
configure:13585: result: 9.4.0
configure:13699: checking that generated files are newer than configure
configure:13705: result: done
configure:13736: creating ./config.status

## ---------------------- ##
## Running config.status. ##
## ---------------------- ##

This file was extended by libjpeg config.status 9.4.0, which was
generated by GNU Autoconf 2.69.  Invocation command line was

  CONFIG_FILES    = 
  CONFIG_HEADERS  = 
  CONFIG_LINKS    = 
  CONFIG_COMMANDS = 
  $ ./config.status 

on c27a9558ddc8

config.status:1106: creating Makefile
config.status:1106: creating libjpeg.pc
config.status:1106: creating jconfig.h
config.status:1287: jconfig.h is unchanged
config.status:1335: executing depfiles commands
config.status:1412: cd .       && sed -e '/# am--include-marker/d' Makefile         | make -f - am--depfiles
make: Nothing to be done for 'am--depfiles'.
config.status:1417: $? = 0
config.status:1335: executing libtool commands

## ---------------- ##
## Cache variables. ##
## ---------------- ##

ac_cv_build=x86_64-pc-linux-gnu
ac_cv_c_compiler_gnu=yes
ac_cv_c_const=yes
ac_cv_env_CC_set=set
ac_cv_env_CC_value=/root/toolchain/bin/mipsel-linux-gcc
ac_cv_env_CFLAGS_set=set
ac_cv_env_CFLAGS_value='-muclibc -O3'
ac_cv_env_CPPFLAGS_set=set
ac_cv_env_CPPFLAGS_value='-muclibc -O3'
ac_cv_env_CPP_set=
ac_cv_env_CPP_value=
ac_cv_env_LDFLAGS_set=set
ac_cv_env_LDFLAGS_value='-muclibc -O3'
ac_cv_env_LIBS_set=
ac_cv_env_LIBS_value=
ac_cv_env_LT_SYS_LIBRARY_PATH_set=
ac_cv_env_LT_SYS_LIBRARY_PATH_value=
ac_cv_env_build_alias_set=
ac_cv_env_build_alias_value=
ac_cv_env_host_alias_set=set
ac_cv_env_host_alias_value=mips-linux-gnu
ac_cv_env_target_alias_set=
ac_cv_env_target_alias_value=
ac_cv_header_dlfcn_h=yes
ac_cv_header_inttypes_h=yes
ac_cv_header_locale_h=yes
ac_cv_header_memory_h=yes
ac_cv_header_stdc=yes
ac_cv_header_stddef_h=yes
ac_cv_header_stdint_h=yes
ac_cv_header_stdlib_h=yes
ac_cv_header_string_h=yes
ac_cv_header_strings_h=yes
ac_cv_header_sys_stat_h=yes
ac_cv_header_sys_types_h=yes
ac_cv_header_unistd_h=yes
ac_cv_host=mips-unknown-linux-gnu
ac_cv_objext=o
ac_cv_path_EGREP='/bin/grep -E'
ac_cv_path_FGREP='/bin/grep -F'
ac_cv_path_GREP=/bin/grep
ac_cv_path_SED=/bin/sed
ac_cv_path_install='/usr/bin/install -c'
ac_cv_path_lt_DD=/bin/dd
ac_cv_path_mkdir=/bin/mkdir
ac_cv_prog_AR=mips-linux-gnu-ar
ac_cv_prog_AWK=mawk
ac_cv_prog_CC=/root/toolchain/bin/mipsel-linux-gcc
ac_cv_prog_CPP='/root/toolchain/bin/mipsel-linux-gcc -E'
ac_cv_prog_DLLTOOL=dlltool
ac_cv_prog_OBJDUMP=objdump
ac_cv_prog_RANLIB=mips-linux-gnu-ranlib
ac_cv_prog_STRIP=mips-linux-gnu-strip
ac_cv_prog_cc_c89=
ac_cv_prog_cc_c99=
ac_cv_prog_cc_g=yes
ac_cv_prog_cc_stdc=
ac_cv_prog_make_make_set=yes
ac_cv_target=mips-unknown-linux-gnu
am_cv_CC_dependencies_compiler_type=gcc3
am_cv_ar_interface=ar
am_cv_make_support_nested_variables=yes
am_cv_prog_cc_c_o=yes
ijg_cv_have_prototypes=yes
ijg_cv_inline=__inline__
lt_cv_ar_at_file=@
lt_cv_deplibs_check_method=pass_all
lt_cv_file_magic_cmd='$MAGIC_CMD'
lt_cv_file_magic_test_file=
lt_cv_ld_reload_flag=-r
lt_cv_nm_interface='BSD nm'
lt_cv_objdir=.libs
lt_cv_path_LD=/root/toolchain/bin/mipsel-linux-ld
lt_cv_path_NM='/usr/bin/mips-linux-gnu-nm -B'
lt_cv_path_mainfest_tool=no
lt_cv_prog_compiler_c_o=yes
lt_cv_prog_compiler_pic='-fPIC -DPIC'
lt_cv_prog_compiler_pic_works=yes
lt_cv_prog_compiler_rtti_exceptions=no
lt_cv_prog_compiler_static_works=yes
lt_cv_prog_gnu_ld=yes
lt_cv_sharedlib_from_linklib_cmd='printf %s\n'
lt_cv_shlibpath_overrides_runpath=no
lt_cv_sys_global_symbol_pipe='sed -n -e '\''s/^.*[	 ]\([ABCDGIRSTW][ABCDGIRSTW]*\)[	 ][	 ]*\([_A-Za-z][_A-Za-z0-9]*\)$/\1 \2 \2/p'\'' | sed '\''/ __gnu_lto/d'\'''
lt_cv_sys_global_symbol_to_c_name_address='sed -n -e '\''s/^: \(.*\) .*$/  {"\1", (void *) 0},/p'\'' -e '\''s/^[ABCDGIRSTW][ABCDGIRSTW]* .* \(.*\)$/  {"\1", (void *) \&\1},/p'\'''
lt_cv_sys_global_symbol_to_c_name_address_lib_prefix='sed -n -e '\''s/^: \(.*\) .*$/  {"\1", (void *) 0},/p'\'' -e '\''s/^[ABCDGIRSTW][ABCDGIRSTW]* .* \(lib.*\)$/  {"\1", (void *) \&\1},/p'\'' -e '\''s/^[ABCDGIRSTW][ABCDGIRSTW]* .* \(.*\)$/  {"lib\1", (void *) \&\1},/p'\'''
lt_cv_sys_global_symbol_to_cdecl='sed -n -e '\''s/^T .* \(.*\)$/extern int \1();/p'\'' -e '\''s/^[ABCDGIRSTW][ABCDGIRSTW]* .* \(.*\)$/extern char \1;/p'\'''
lt_cv_sys_global_symbol_to_import=
lt_cv_sys_max_cmd_len=1572864
lt_cv_to_host_file_cmd=func_convert_file_noop
lt_cv_to_tool_file_cmd=func_convert_file_noop
lt_cv_truncate_bin='/bin/dd bs=4096 count=1'

## ----------------- ##
## Output variables. ##
## ----------------- ##

ACLOCAL='${SHELL} /root/jpeg-9d/missing aclocal-1.16'
AMDEPBACKSLASH='\'
AMDEP_FALSE='#'
AMDEP_TRUE=''
AMTAR='$${TAR-tar}'
AM_BACKSLASH='\'
AM_DEFAULT_V='$(AM_DEFAULT_VERBOSITY)'
AM_DEFAULT_VERBOSITY='0'
AM_V='$(V)'
AR='mips-linux-gnu-ar'
AS='as'
AUTOCONF='${SHELL} /root/jpeg-9d/missing autoconf'
AUTOHEADER='echo autoheader ignored'
AUTOMAKE='${SHELL} /root/jpeg-9d/missing automake-1.16'
AWK='mawk'
CC='/root/toolchain/bin/mipsel-linux-gcc'
CCDEPMODE='depmode=gcc3'
CFLAGS='-muclibc -O3'
CPP='/root/toolchain/bin/mipsel-linux-gcc -E'
CPPFLAGS='-muclibc -O3'
CYGPATH_W='echo'
DEFS='-DHAVE_CONFIG_H'
DEPDIR='.deps'
DLLTOOL='dlltool'
DSYMUTIL=''
DUMPBIN=''
ECHO_C=''
ECHO_N='-n'
ECHO_T=''
EGREP='/bin/grep -E'
EXEEXT=''
FGREP='/bin/grep -F'
GREP='/bin/grep'
HAVE_LD_VERSION_SCRIPT_FALSE='#'
HAVE_LD_VERSION_SCRIPT_TRUE=''
INSTALL_DATA='${INSTALL} -m 644'
INSTALL_PROGRAM='${INSTALL}'
INSTALL_SCRIPT='${INSTALL}'
INSTALL_STRIP_PROGRAM='$(install_sh) -c -s'
JPEG_LIB_VERSION='13:0:4'
JPEG_LIB_VERSION_MAJOR='9'
JPEG_LIB_VERSION_MINOR='4'
LD='/root/toolchain/bin/mipsel-linux-ld'
LDFLAGS='-muclibc -O3'
LIBOBJS=''
LIBS=''
LIBTOOL='$(SHELL) $(top_builddir)/libtool'
LIPO=''
LN_S='ln -s'
LTLIBOBJS=''
LT_SYS_LIBRARY_PATH=''
MAINT='#'
MAINTAINER_MODE_FALSE=''
MAINTAINER_MODE_TRUE='#'
MAKEINFO='${SHELL} /root/jpeg-9d/missing makeinfo'
MANIFEST_TOOL=':'
MEMORYMGR='jmemnobs'
MKDIR_P='/bin/mkdir -p'
NM='/usr/bin/mips-linux-gnu-nm -B'
NMEDIT=''
OBJDUMP='objdump'
OBJEXT='o'
OTOOL64=''
OTOOL=''
PACKAGE='libjpeg'
PACKAGE_BUGREPORT=''
PACKAGE_NAME='libjpeg'
PACKAGE_STRING='libjpeg 9.4.0'
PACKAGE_TARNAME='libjpeg'
PACKAGE_URL=''
PACKAGE_VERSION='9.4.0'
PATH_SEPARATOR=':'
RANLIB='mips-linux-gnu-ranlib'
SED='/bin/sed'
SET_MAKE=''
SHELL='/bin/bash'
STRIP='mips-linux-gnu-strip'
VERSION='9.4.0'
ac_ct_AR=''
ac_ct_CC=''
ac_ct_DUMPBIN=''
am__EXEEXT_FALSE=''
am__EXEEXT_TRUE='#'
am__fastdepCC_FALSE='#'
am__fastdepCC_TRUE=''
am__include='include'
am__isrc=''
am__leading_dot='.'
am__nodep='_no'
am__quote=''
am__tar='$${TAR-tar} chof - "$$tardir"'
am__untar='$${TAR-tar} xf -'
bindir='${exec_prefix}/bin'
build='x86_64-pc-linux-gnu'
build_alias=''
build_cpu='x86_64'
build_os='linux-gnu'
build_vendor='pc'
datadir='${datarootdir}'
datarootdir='${prefix}/share'
docdir='${datarootdir}/doc/${PACKAGE_TARNAME}'
dvidir='${docdir}'
exec_prefix='${prefix}'
host='mips-unknown-linux-gnu'
host_alias='mips-linux-gnu'
host_cpu='mips'
host_os='linux-gnu'
host_vendor='unknown'
htmldir='${docdir}'
includedir='${prefix}/include'
infodir='${datarootdir}/info'
install_sh='${SHELL} /root/jpeg-9d/install-sh'
libdir='${exec_prefix}/lib'
libexecdir='${exec_prefix}/libexec'
localedir='${datarootdir}/locale'
localstatedir='${prefix}/var'
mandir='${datarootdir}/man'
mkdir_p='$(MKDIR_P)'
oldincludedir='/usr/include'
pdfdir='${docdir}'
prefix='/root/jpeg-9d/_Install'
program_transform_name='s,x,x,'
psdir='${docdir}'
sbindir='${exec_prefix}/sbin'
sharedstatedir='${prefix}/com'
sysconfdir='${prefix}/etc'
target='mips-unknown-linux-gnu'
target_alias=''
target_cpu='mips'
target_os='linux-gnu'
target_vendor='unknown'

## ----------- ##
## confdefs.h. ##
## ----------- ##

/* confdefs.h */
#define PACKAGE_NAME "libjpeg"
#define PACKAGE_TARNAME "libjpeg"
#define PACKAGE_VERSION "9.4.0"
#define PACKAGE_STRING "libjpeg 9.4.0"
#define PACKAGE_BUGREPORT ""
#define PACKAGE_URL ""
#define PACKAGE "libjpeg"
#define VERSION "9.4.0"
#define HAVE_PROTOTYPES 1
#define STDC_HEADERS 1
#define HAVE_SYS_TYPES_H 1
#define HAVE_SYS_STAT_H 1
#define HAVE_STDLIB_H 1
#define HAVE_STRING_H 1
#define HAVE_MEMORY_H 1
#define HAVE_STRINGS_H 1
#define HAVE_INTTYPES_H 1
#define HAVE_STDINT_H 1
#define HAVE_UNISTD_H 1
#define HAVE_STDDEF_H 1
#define HAVE_STDLIB_H 1
#define HAVE_LOCALE_H 1
#define HAVE_UNSIGNED_CHAR 1
#define HAVE_UNSIGNED_SHORT 1
#define INLINE __inline__
#define HAVE_DLFCN_H 1
#define LT_OBJDIR ".libs/"

configure: exit 0
