This file contains any messages produced by compilers while
running configure, to aid debugging if configure makes a mistake.

It was created by sqlite configure 3.10.2, which was
generated by GNU Autoconf 2.69.  Invocation command line was

  $ ./configure --host=mips-linux-gnu --prefix=/root/_install --disable-gtk-doc --disable-gtk-doc-html --disable-doc --disable-docs --disable-documentation --with-xmlto=no --with-fop=no --disable-dependency-tracking --disable-ipv6 --enable-static --enable-shared --disable-static-shell --enable-threadsafe --disable-readline

## --------- ##
## Platform. ##
## --------- ##

hostname = e6a00c6b8402
uname -m = x86_64
uname -r = 5.15.167.4-microsoft-standard-WSL2
uname -s = Linux
uname -v = #1 SMP Tue Nov 5 00:21:55 UTC 2024

/usr/bin/uname -p = unknown
/bin/uname -X     = unknown

/bin/arch              = unknown
/usr/bin/arch -k       = unknown
/usr/convex/getsysinfo = unknown
/usr/bin/hostinfo      = unknown
/bin/machine           = unknown
/usr/bin/oslevel       = unknown
/bin/universe          = unknown

PATH: /usr/local/sbin
PATH: /usr/local/bin
PATH: /usr/sbin
PATH: /usr/bin
PATH: /sbin
PATH: /bin


## ----------- ##
## Core tests. ##
## ----------- ##

configure:2241: checking for a BSD-compatible install
configure:2309: result: /root/sqlite-3100200/install-sh
configure:2320: checking whether build environment is sane
configure:2375: result: yes
configure:2434: checking for mips-linux-gnu-strip
configure:2461: result: /root/toolchain/bin/mips-linux-gnu-strip
configure:2526: checking for a thread-safe mkdir -p
configure:2565: result: /bin/mkdir -p
configure:2572: checking for gawk
configure:2602: result: no
configure:2572: checking for mawk
configure:2588: found /usr/bin/mawk
configure:2599: result: mawk
configure:2610: checking whether make sets $(MAKE)
configure:2632: result: yes
configure:2661: checking whether make supports nested variables
configure:2678: result: yes
configure:2817: checking for style of include used by make
configure:2845: result: GNU
configure:2876: checking for mips-linux-gnu-gcc
configure:2903: result: /root/toolchain/bin/mips-linux-gnu-gcc
configure:3172: checking for C compiler version
configure:3181: /root/toolchain/bin/mips-linux-gnu-gcc --version >&5
mips-linux-gnu-gcc (Ingenic r2.3.3 2016.12) 4.7.2
Copyright (C) 2012 Free Software Foundation, Inc.
This is free software; see the source for copying conditions.  There is NO
warranty; not even for MERCHANTABILITY or FITNESS FOR A PARTICULAR PURPOSE.

configure:3192: $? = 0
configure:3181: /root/toolchain/bin/mips-linux-gnu-gcc -v >&5
Using built-in specs.
COLLECT_GCC=/root/toolchain/bin/mips-linux-gnu-gcc
COLLECT_LTO_WRAPPER=/root/toolchain/bin/../libexec/gcc/mips-linux-gnu/4.7.2/lto-wrapper
Target: mips-linux-gnu
Configured with: /home/toolchains/r2.3.3/src/gcc-4.7-2012.09/configure --build=i686-pc-linux-gnu --host=i686-pc-linux-gnu --target=mips-linux-gnu --enable-threads --disable-libmudflap --disable-libssp --disable-libstdcxx-pch --with-arch-32=mips32r2 --with-float=hard --with-mips-plt --enable-extra-sgxxlite-multilibs --with-gnu-as --with-gnu-ld --with-specs='%{save-temps: -fverbose-asm} -D__CS_SOURCERYGXX_MAJ__=2012 -D__CS_SOURCERYGXX_MIN__=9 -D__CS_SOURCERYGXX_REV__=99' --enable-languages=c,c++,fortran --enable-shared --enable-lto --enable-symvers=gnu --enable-__cxa_atexit --with-pkgversion='Ingenic r2.3.3 2016.12' --disable-nls --prefix=/home/toolchains/r2.3.3/install --with-sysroot=/home/toolchains/r2.3.3/install/mips-linux-gnu/libc --with-build-sysroot=/home/toolchains/r2.3.3/install/mips-linux-gnu/libc --with-gmp=/home/toolchains/r2.3.3/obj/pkg-2012.09-99-mips-linux-gnu/mips-2012.09-99-mips-linux-gnu.extras/host-libs-i686-pc-linux-gnu/usr --with-mpfr=/home/toolchains/r2.3.3/obj/pkg-2012.09-99-mips-linux-gnu/mips-2012.09-99-mips-linux-gnu.extras/host-libs-i686-pc-linux-gnu/usr --with-mpc=/home/toolchains/r2.3.3/obj/pkg-2012.09-99-mips-linux-gnu/mips-2012.09-99-mips-linux-gnu.extras/host-libs-i686-pc-linux-gnu/usr --with-ppl=/home/toolchains/r2.3.3/obj/pkg-2012.09-99-mips-linux-gnu/mips-2012.09-99-mips-linux-gnu.extras/host-libs-i686-pc-linux-gnu/usr --with-host-libstdcxx='-static-libgcc -Wl,-Bstatic,-lstdc++,-Bdynamic -lm' --with-cloog=/home/toolchains/r2.3.3/obj/pkg-2012.09-99-mips-linux-gnu/mips-2012.09-99-mips-linux-gnu.extras/host-libs-i686-pc-linux-gnu/usr --with-libelf=/home/toolchains/r2.3.3/obj/pkg-2012.09-99-mips-linux-gnu/mips-2012.09-99-mips-linux-gnu.extras/host-libs-i686-pc-linux-gnu/usr --disable-libgomp --disable-libitm --enable-poison-system-directories --with-build-time-tools=/home/toolchains/r2.3.3/install/mips-linux-gnu/bin
Thread model: posix
gcc version 4.7.2 (Ingenic r2.3.3 2016.12) 
configure:3192: $? = 0
configure:3181: /root/toolchain/bin/mips-linux-gnu-gcc -V >&5
mips-linux-gnu-gcc: error: unrecognized command line option '-V'
mips-linux-gnu-gcc: fatal error: no input files
compilation terminated.
configure:3192: $? = 1
configure:3181: /root/toolchain/bin/mips-linux-gnu-gcc -qversion >&5
mips-linux-gnu-gcc: error: unrecognized command line option '-qversion'
mips-linux-gnu-gcc: fatal error: no input files
compilation terminated.
configure:3192: $? = 1
configure:3212: checking whether the C compiler works
configure:3234: /root/toolchain/bin/mips-linux-gnu-gcc -muclibc -O3 -lrt -I../_install/include/  -muclibc -O3 -lrt -I../_install/include/ -std=c++11  -muclibc -O3 -L/root/_install/lib -lpthread conftest.c  >&5
cc1: warning: command line option '-std=c++11' is valid for C++/ObjC++ but not for C [enabled by default]
configure:3238: $? = 0
configure:3286: result: yes
configure:3289: checking for C compiler default output file name
configure:3291: result: a.out
configure:3297: checking for suffix of executables
configure:3304: /root/toolchain/bin/mips-linux-gnu-gcc -o conftest -muclibc -O3 -lrt -I../_install/include/  -muclibc -O3 -lrt -I../_install/include/ -std=c++11  -muclibc -O3 -L/root/_install/lib -lpthread conftest.c  >&5
cc1: warning: command line option '-std=c++11' is valid for C++/ObjC++ but not for C [enabled by default]
configure:3308: $? = 0
configure:3330: result: 
configure:3352: checking whether we are cross compiling
configure:3360: /root/toolchain/bin/mips-linux-gnu-gcc -o conftest -muclibc -O3 -lrt -I../_install/include/  -muclibc -O3 -lrt -I../_install/include/ -std=c++11  -muclibc -O3 -L/root/_install/lib -lpthread conftest.c  >&5
cc1: warning: command line option '-std=c++11' is valid for C++/ObjC++ but not for C [enabled by default]
configure:3364: $? = 0
configure:3371: ./conftest
./configure: line 3373: ./conftest: cannot execute binary file: Exec format error
configure:3375: $? = 126
configure:3390: result: yes
configure:3395: checking for suffix of object files
configure:3417: /root/toolchain/bin/mips-linux-gnu-gcc -c -muclibc -O3 -lrt -I../_install/include/  -muclibc -O3 -lrt -I../_install/include/ -std=c++11  conftest.c >&5
cc1: warning: command line option '-std=c++11' is valid for C++/ObjC++ but not for C [enabled by default]
configure:3421: $? = 0
configure:3442: result: o
configure:3446: checking whether we are using the GNU C compiler
configure:3465: /root/toolchain/bin/mips-linux-gnu-gcc -c -muclibc -O3 -lrt -I../_install/include/  -muclibc -O3 -lrt -I../_install/include/ -std=c++11  conftest.c >&5
cc1: warning: command line option '-std=c++11' is valid for C++/ObjC++ but not for C [enabled by default]
configure:3465: $? = 0
configure:3474: result: yes
configure:3483: checking whether /root/toolchain/bin/mips-linux-gnu-gcc accepts -g
configure:3503: /root/toolchain/bin/mips-linux-gnu-gcc -c -g -muclibc -O3 -lrt -I../_install/include/ -std=c++11  conftest.c >&5
cc1: warning: command line option '-std=c++11' is valid for C++/ObjC++ but not for C [enabled by default]
configure:3503: $? = 0
configure: failed program was:
| /* confdefs.h */
| #define PACKAGE_NAME "sqlite"
| #define PACKAGE_TARNAME "sqlite"
| #define PACKAGE_VERSION "3.10.2"
| #define PACKAGE_STRING "sqlite 3.10.2"
| #define PACKAGE_BUGREPORT "http://www.sqlite.org"
| #define PACKAGE_URL ""
| #define PACKAGE "sqlite"
| #define VERSION "3.10.2"
| /* end confdefs.h.  */
| 
| int
| main ()
| {
| 
|   ;
|   return 0;
| }
configure:3518: /root/toolchain/bin/mips-linux-gnu-gcc -c  -muclibc -O3 -lrt -I../_install/include/ -std=c++11  conftest.c >&5
cc1: warning: command line option '-std=c++11' is valid for C++/ObjC++ but not for C [enabled by default]
configure:3518: $? = 0
configure: failed program was:
| /* confdefs.h */
| #define PACKAGE_NAME "sqlite"
| #define PACKAGE_TARNAME "sqlite"
| #define PACKAGE_VERSION "3.10.2"
| #define PACKAGE_STRING "sqlite 3.10.2"
| #define PACKAGE_BUGREPORT "http://www.sqlite.org"
| #define PACKAGE_URL ""
| #define PACKAGE "sqlite"
| #define VERSION "3.10.2"
| /* end confdefs.h.  */
| 
| int
| main ()
| {
| 
|   ;
|   return 0;
| }
configure:3534: /root/toolchain/bin/mips-linux-gnu-gcc -c -g -muclibc -O3 -lrt -I../_install/include/ -std=c++11  conftest.c >&5
cc1: warning: command line option '-std=c++11' is valid for C++/ObjC++ but not for C [enabled by default]
configure:3534: $? = 0
configure:3544: result: yes
configure:3561: checking for /root/toolchain/bin/mips-linux-gnu-gcc option to accept ISO C89
configure:3624: /root/toolchain/bin/mips-linux-gnu-gcc  -c -muclibc -O3 -lrt -I../_install/include/  -muclibc -O3 -lrt -I../_install/include/ -std=c++11  conftest.c >&5
cc1: warning: command line option '-std=c++11' is valid for C++/ObjC++ but not for C [enabled by default]
configure:3624: $? = 0
configure:3637: result: none needed
configure:3662: checking whether /root/toolchain/bin/mips-linux-gnu-gcc understands -c and -o together
configure:3684: /root/toolchain/bin/mips-linux-gnu-gcc -c conftest.c -o conftest2.o
configure:3687: $? = 0
configure:3684: /root/toolchain/bin/mips-linux-gnu-gcc -c conftest.c -o conftest2.o
configure:3687: $? = 0
configure:3699: result: yes
configure:3718: checking dependency style of /root/toolchain/bin/mips-linux-gnu-gcc
configure:3829: result: none
configure:3852: checking for special C compiler options needed for large files
configure:3897: result: no
configure:3903: checking for _FILE_OFFSET_BITS value needed for large files
configure:3928: /root/toolchain/bin/mips-linux-gnu-gcc -c -muclibc -O3 -lrt -I../_install/include/  -muclibc -O3 -lrt -I../_install/include/ -std=c++11  conftest.c >&5
cc1: warning: command line option '-std=c++11' is valid for C++/ObjC++ but not for C [enabled by default]
conftest.c:17:3: warning: left shift count >= width of type [enabled by default]
conftest.c:17:3: warning: left shift count >= width of type [enabled by default]
conftest.c:18:10: warning: left shift count >= width of type [enabled by default]
conftest.c:18:10: warning: left shift count >= width of type [enabled by default]
conftest.c:17:7: error: size of array 'off_t_is_large' is negative
conftest.c:19:9: warning: variably modified 'off_t_is_large' at file scope [enabled by default]
configure:3928: $? = 1
configure: failed program was:
| /* confdefs.h */
| #define PACKAGE_NAME "sqlite"
| #define PACKAGE_TARNAME "sqlite"
| #define PACKAGE_VERSION "3.10.2"
| #define PACKAGE_STRING "sqlite 3.10.2"
| #define PACKAGE_BUGREPORT "http://www.sqlite.org"
| #define PACKAGE_URL ""
| #define PACKAGE "sqlite"
| #define VERSION "3.10.2"
| /* end confdefs.h.  */
| #include <sys/types.h>
|  /* Check that off_t can represent 2**63 - 1 correctly.
|     We can't simply define LARGE_OFF_T to be 9223372036854775807,
|     since some C++ compilers masquerading as C compilers
|     incorrectly reject 9223372036854775807.  */
| #define LARGE_OFF_T (((off_t) 1 << 62) - 1 + ((off_t) 1 << 62))
|   int off_t_is_large[(LARGE_OFF_T % 2147483629 == 721
| 		       && LARGE_OFF_T % 2147483647 == 1)
| 		      ? 1 : -1];
| int
| main ()
| {
| 
|   ;
|   return 0;
| }
configure:3952: /root/toolchain/bin/mips-linux-gnu-gcc -c -muclibc -O3 -lrt -I../_install/include/  -muclibc -O3 -lrt -I../_install/include/ -std=c++11  conftest.c >&5
cc1: warning: command line option '-std=c++11' is valid for C++/ObjC++ but not for C [enabled by default]
configure:3952: $? = 0
configure:3960: result: 64
configure:4055: checking for mips-linux-gnu-gcc
configure:4082: result: /root/toolchain/bin/mips-linux-gnu-gcc
configure:4351: checking for C compiler version
configure:4360: /root/toolchain/bin/mips-linux-gnu-gcc --version >&5
mips-linux-gnu-gcc (Ingenic r2.3.3 2016.12) 4.7.2
Copyright (C) 2012 Free Software Foundation, Inc.
This is free software; see the source for copying conditions.  There is NO
warranty; not even for MERCHANTABILITY or FITNESS FOR A PARTICULAR PURPOSE.

configure:4371: $? = 0
configure:4360: /root/toolchain/bin/mips-linux-gnu-gcc -v >&5
Using built-in specs.
COLLECT_GCC=/root/toolchain/bin/mips-linux-gnu-gcc
COLLECT_LTO_WRAPPER=/root/toolchain/bin/../libexec/gcc/mips-linux-gnu/4.7.2/lto-wrapper
Target: mips-linux-gnu
Configured with: /home/toolchains/r2.3.3/src/gcc-4.7-2012.09/configure --build=i686-pc-linux-gnu --host=i686-pc-linux-gnu --target=mips-linux-gnu --enable-threads --disable-libmudflap --disable-libssp --disable-libstdcxx-pch --with-arch-32=mips32r2 --with-float=hard --with-mips-plt --enable-extra-sgxxlite-multilibs --with-gnu-as --with-gnu-ld --with-specs='%{save-temps: -fverbose-asm} -D__CS_SOURCERYGXX_MAJ__=2012 -D__CS_SOURCERYGXX_MIN__=9 -D__CS_SOURCERYGXX_REV__=99' --enable-languages=c,c++,fortran --enable-shared --enable-lto --enable-symvers=gnu --enable-__cxa_atexit --with-pkgversion='Ingenic r2.3.3 2016.12' --disable-nls --prefix=/home/toolchains/r2.3.3/install --with-sysroot=/home/toolchains/r2.3.3/install/mips-linux-gnu/libc --with-build-sysroot=/home/toolchains/r2.3.3/install/mips-linux-gnu/libc --with-gmp=/home/toolchains/r2.3.3/obj/pkg-2012.09-99-mips-linux-gnu/mips-2012.09-99-mips-linux-gnu.extras/host-libs-i686-pc-linux-gnu/usr --with-mpfr=/home/toolchains/r2.3.3/obj/pkg-2012.09-99-mips-linux-gnu/mips-2012.09-99-mips-linux-gnu.extras/host-libs-i686-pc-linux-gnu/usr --with-mpc=/home/toolchains/r2.3.3/obj/pkg-2012.09-99-mips-linux-gnu/mips-2012.09-99-mips-linux-gnu.extras/host-libs-i686-pc-linux-gnu/usr --with-ppl=/home/toolchains/r2.3.3/obj/pkg-2012.09-99-mips-linux-gnu/mips-2012.09-99-mips-linux-gnu.extras/host-libs-i686-pc-linux-gnu/usr --with-host-libstdcxx='-static-libgcc -Wl,-Bstatic,-lstdc++,-Bdynamic -lm' --with-cloog=/home/toolchains/r2.3.3/obj/pkg-2012.09-99-mips-linux-gnu/mips-2012.09-99-mips-linux-gnu.extras/host-libs-i686-pc-linux-gnu/usr --with-libelf=/home/toolchains/r2.3.3/obj/pkg-2012.09-99-mips-linux-gnu/mips-2012.09-99-mips-linux-gnu.extras/host-libs-i686-pc-linux-gnu/usr --disable-libgomp --disable-libitm --enable-poison-system-directories --with-build-time-tools=/home/toolchains/r2.3.3/install/mips-linux-gnu/bin
Thread model: posix
gcc version 4.7.2 (Ingenic r2.3.3 2016.12) 
configure:4371: $? = 0
configure:4360: /root/toolchain/bin/mips-linux-gnu-gcc -V >&5
mips-linux-gnu-gcc: error: unrecognized command line option '-V'
mips-linux-gnu-gcc: fatal error: no input files
compilation terminated.
configure:4371: $? = 1
configure:4360: /root/toolchain/bin/mips-linux-gnu-gcc -qversion >&5
mips-linux-gnu-gcc: error: unrecognized command line option '-qversion'
mips-linux-gnu-gcc: fatal error: no input files
compilation terminated.
configure:4371: $? = 1
configure:4375: checking whether we are using the GNU C compiler
configure:4403: result: yes
configure:4412: checking whether /root/toolchain/bin/mips-linux-gnu-gcc accepts -g
configure:4473: result: yes
configure:4490: checking for /root/toolchain/bin/mips-linux-gnu-gcc option to accept ISO C89
configure:4566: result: none needed
configure:4591: checking whether /root/toolchain/bin/mips-linux-gnu-gcc understands -c and -o together
configure:4628: result: yes
configure:4647: checking dependency style of /root/toolchain/bin/mips-linux-gnu-gcc
configure:4758: result: none
configure:4802: checking build system type
configure:4816: result: x86_64-unknown-linux-gnu
configure:4836: checking host system type
configure:4849: result: mips-unknown-linux-gnu
configure:4890: checking how to print strings
configure:4917: result: printf
configure:4938: checking for a sed that does not truncate output
configure:5002: result: /bin/sed
configure:5020: checking for grep that handles long lines and -e
configure:5078: result: /bin/grep
configure:5083: checking for egrep
configure:5145: result: /bin/grep -E
configure:5150: checking for fgrep
configure:5212: result: /bin/grep -F
configure:5247: checking for ld used by /root/toolchain/bin/mips-linux-gnu-gcc
configure:5314: result: /root/toolchain/bin/mips-linux-gnu-ld
configure:5321: checking if the linker (/root/toolchain/bin/mips-linux-gnu-ld) is GNU ld
configure:5336: result: yes
configure:5348: checking for BSD- or MS-compatible name lister (nm)
configure:5402: result: /usr/bin/mips-linux-gnu-nm -B
configure:5532: checking the name lister (/usr/bin/mips-linux-gnu-nm -B) interface
configure:5539: /root/toolchain/bin/mips-linux-gnu-gcc -c -muclibc -O3 -lrt -I../_install/include/  -muclibc -O3 -lrt -I../_install/include/ -std=c++11  conftest.c >&5
cc1: warning: command line option '-std=c++11' is valid for C++/ObjC++ but not for C [enabled by default]
configure:5542: /usr/bin/mips-linux-gnu-nm -B "conftest.o"
configure:5545: output
00000000 B some_variable
configure:5552: result: BSD nm
configure:5555: checking whether ln -s works
configure:5559: result: yes
configure:5567: checking the maximum length of command line arguments
configure:5698: result: 1572864
configure:5746: checking how to convert x86_64-unknown-linux-gnu file names to mips-unknown-linux-gnu format
configure:5786: result: func_convert_file_noop
configure:5793: checking how to convert x86_64-unknown-linux-gnu file names to toolchain format
configure:5813: result: func_convert_file_noop
configure:5820: checking for /root/toolchain/bin/mips-linux-gnu-ld option to reload object files
configure:5827: result: -r
configure:5861: checking for mips-linux-gnu-objdump
configure:5877: found /usr/bin/mips-linux-gnu-objdump
configure:5888: result: mips-linux-gnu-objdump
configure:5960: checking how to recognize dependent libraries
configure:6160: result: pass_all
configure:6205: checking for mips-linux-gnu-dlltool
configure:6235: result: no
configure:6245: checking for dlltool
configure:6275: result: no
configure:6305: checking how to associate runtime and link libraries
configure:6332: result: printf %s\n
configure:6348: checking for mips-linux-gnu-ar
configure:6375: result: /root/toolchain/bin/mips-linux-gnu-ar
configure:6456: checking for archiver @FILE support
configure:6473: /root/toolchain/bin/mips-linux-gnu-gcc -c -muclibc -O3 -lrt -I../_install/include/  -muclibc -O3 -lrt -I../_install/include/ -std=c++11  conftest.c >&5
cc1: warning: command line option '-std=c++11' is valid for C++/ObjC++ but not for C [enabled by default]
configure:6473: $? = 0
configure:6476: /root/toolchain/bin/mips-linux-gnu-ar cru libconftest.a @conftest.lst >&5
configure:6479: $? = 0
configure:6484: /root/toolchain/bin/mips-linux-gnu-ar cru libconftest.a @conftest.lst >&5
/root/toolchain/bin/mips-linux-gnu-ar: conftest.o: No such file or directory
configure:6487: $? = 1
configure:6499: result: @
configure:6517: checking for mips-linux-gnu-strip
configure:6544: result: /root/toolchain/bin/mips-linux-gnu-strip
configure:6616: checking for mips-linux-gnu-ranlib
configure:6632: found /usr/bin/mips-linux-gnu-ranlib
configure:6643: result: mips-linux-gnu-ranlib
configure:6785: checking command to parse /usr/bin/mips-linux-gnu-nm -B output from /root/toolchain/bin/mips-linux-gnu-gcc object
configure:6938: /root/toolchain/bin/mips-linux-gnu-gcc -c -muclibc -O3 -lrt -I../_install/include/  -muclibc -O3 -lrt -I../_install/include/ -std=c++11  conftest.c >&5
cc1: warning: command line option '-std=c++11' is valid for C++/ObjC++ but not for C [enabled by default]
configure:6941: $? = 0
configure:6945: /usr/bin/mips-linux-gnu-nm -B conftest.o \| sed -n -e 's/^.*[ ]\([ABCDGIRSTW][ABCDGIRSTW]*\)[ ][ ]*\([_A-Za-z][_A-Za-z0-9]*\)$/\1 \2 \2/p' | sed '/ __gnu_lto/d' \> conftest.nm
configure:6948: $? = 0
configure:7014: /root/toolchain/bin/mips-linux-gnu-gcc -o conftest -muclibc -O3 -lrt -I../_install/include/  -muclibc -O3 -lrt -I../_install/include/ -std=c++11  -muclibc -O3 -L/root/_install/lib -lpthread conftest.c conftstm.o >&5
cc1: warning: command line option '-std=c++11' is valid for C++/ObjC++ but not for C [enabled by default]
configure:7017: $? = 0
configure:7055: result: ok
configure:7102: checking for sysroot
configure:7132: result: no
configure:7139: checking for a working dd
configure:7177: result: /bin/dd
configure:7181: checking how to truncate binary pipes
configure:7196: result: /bin/dd bs=4096 count=1
configure:7485: checking for mips-linux-gnu-mt
configure:7515: result: no
configure:7525: checking for mt
configure:7555: result: no
configure:7575: checking if : is a manifest tool
configure:7581: : '-?'
configure:7589: result: no
configure:8266: checking how to run the C preprocessor
configure:8336: result: /root/toolchain/bin/mips-linux-gnu-cpp
configure:8356: /root/toolchain/bin/mips-linux-gnu-cpp -muclibc -O3 -lrt -I../_install/include/ -std=c++11  conftest.c
cc1: warning: command line option '-std=c++11' is valid for C++/ObjC++ but not for C [enabled by default]
configure:8356: $? = 0
configure:8370: /root/toolchain/bin/mips-linux-gnu-cpp -muclibc -O3 -lrt -I../_install/include/ -std=c++11  conftest.c
cc1: warning: command line option '-std=c++11' is valid for C++/ObjC++ but not for C [enabled by default]
conftest.c:12:28: fatal error: ac_nonexistent.h: No such file or directory
compilation terminated.
configure:8370: $? = 1
configure: failed program was:
| /* confdefs.h */
| #define PACKAGE_NAME "sqlite"
| #define PACKAGE_TARNAME "sqlite"
| #define PACKAGE_VERSION "3.10.2"
| #define PACKAGE_STRING "sqlite 3.10.2"
| #define PACKAGE_BUGREPORT "http://www.sqlite.org"
| #define PACKAGE_URL ""
| #define PACKAGE "sqlite"
| #define VERSION "3.10.2"
| #define _FILE_OFFSET_BITS 64
| /* end confdefs.h.  */
| #include <ac_nonexistent.h>
configure:8399: checking for ANSI C header files
configure:8419: /root/toolchain/bin/mips-linux-gnu-gcc -c -muclibc -O3 -lrt -I../_install/include/  -muclibc -O3 -lrt -I../_install/include/ -std=c++11  conftest.c >&5
cc1: warning: command line option '-std=c++11' is valid for C++/ObjC++ but not for C [enabled by default]
configure:8419: $? = 0
cc1: warning: command line option '-std=c++11' is valid for C++/ObjC++ but not for C [enabled by default]
cc1: warning: command line option '-std=c++11' is valid for C++/ObjC++ but not for C [enabled by default]
configure:8503: result: yes
configure:8516: checking for sys/types.h
configure:8516: /root/toolchain/bin/mips-linux-gnu-gcc -c -muclibc -O3 -lrt -I../_install/include/  -muclibc -O3 -lrt -I../_install/include/ -std=c++11  conftest.c >&5
cc1: warning: command line option '-std=c++11' is valid for C++/ObjC++ but not for C [enabled by default]
configure:8516: $? = 0
configure:8516: result: yes
configure:8516: checking for sys/stat.h
configure:8516: /root/toolchain/bin/mips-linux-gnu-gcc -c -muclibc -O3 -lrt -I../_install/include/  -muclibc -O3 -lrt -I../_install/include/ -std=c++11  conftest.c >&5
cc1: warning: command line option '-std=c++11' is valid for C++/ObjC++ but not for C [enabled by default]
configure:8516: $? = 0
configure:8516: result: yes
configure:8516: checking for stdlib.h
configure:8516: /root/toolchain/bin/mips-linux-gnu-gcc -c -muclibc -O3 -lrt -I../_install/include/  -muclibc -O3 -lrt -I../_install/include/ -std=c++11  conftest.c >&5
cc1: warning: command line option '-std=c++11' is valid for C++/ObjC++ but not for C [enabled by default]
configure:8516: $? = 0
configure:8516: result: yes
configure:8516: checking for string.h
configure:8516: /root/toolchain/bin/mips-linux-gnu-gcc -c -muclibc -O3 -lrt -I../_install/include/  -muclibc -O3 -lrt -I../_install/include/ -std=c++11  conftest.c >&5
cc1: warning: command line option '-std=c++11' is valid for C++/ObjC++ but not for C [enabled by default]
configure:8516: $? = 0
configure:8516: result: yes
configure:8516: checking for memory.h
configure:8516: /root/toolchain/bin/mips-linux-gnu-gcc -c -muclibc -O3 -lrt -I../_install/include/  -muclibc -O3 -lrt -I../_install/include/ -std=c++11  conftest.c >&5
cc1: warning: command line option '-std=c++11' is valid for C++/ObjC++ but not for C [enabled by default]
configure:8516: $? = 0
configure:8516: result: yes
configure:8516: checking for strings.h
configure:8516: /root/toolchain/bin/mips-linux-gnu-gcc -c -muclibc -O3 -lrt -I../_install/include/  -muclibc -O3 -lrt -I../_install/include/ -std=c++11  conftest.c >&5
cc1: warning: command line option '-std=c++11' is valid for C++/ObjC++ but not for C [enabled by default]
configure:8516: $? = 0
configure:8516: result: yes
configure:8516: checking for inttypes.h
configure:8516: /root/toolchain/bin/mips-linux-gnu-gcc -c -muclibc -O3 -lrt -I../_install/include/  -muclibc -O3 -lrt -I../_install/include/ -std=c++11  conftest.c >&5
cc1: warning: command line option '-std=c++11' is valid for C++/ObjC++ but not for C [enabled by default]
configure:8516: $? = 0
configure:8516: result: yes
configure:8516: checking for stdint.h
configure:8516: /root/toolchain/bin/mips-linux-gnu-gcc -c -muclibc -O3 -lrt -I../_install/include/  -muclibc -O3 -lrt -I../_install/include/ -std=c++11  conftest.c >&5
cc1: warning: command line option '-std=c++11' is valid for C++/ObjC++ but not for C [enabled by default]
configure:8516: $? = 0
configure:8516: result: yes
configure:8516: checking for unistd.h
configure:8516: /root/toolchain/bin/mips-linux-gnu-gcc -c -muclibc -O3 -lrt -I../_install/include/  -muclibc -O3 -lrt -I../_install/include/ -std=c++11  conftest.c >&5
cc1: warning: command line option '-std=c++11' is valid for C++/ObjC++ but not for C [enabled by default]
configure:8516: $? = 0
configure:8516: result: yes
configure:8530: checking for dlfcn.h
configure:8530: /root/toolchain/bin/mips-linux-gnu-gcc -c -muclibc -O3 -lrt -I../_install/include/  -muclibc -O3 -lrt -I../_install/include/ -std=c++11  conftest.c >&5
cc1: warning: command line option '-std=c++11' is valid for C++/ObjC++ but not for C [enabled by default]
configure:8530: $? = 0
configure:8530: result: yes
configure:8786: checking for objdir
configure:8801: result: .libs
configure:9061: checking if /root/toolchain/bin/mips-linux-gnu-gcc supports -fno-rtti -fno-exceptions
configure:9079: /root/toolchain/bin/mips-linux-gnu-gcc -c -muclibc -O3 -lrt -I../_install/include/  -muclibc -O3 -lrt -I../_install/include/ -std=c++11  -fno-rtti -fno-exceptions conftest.c >&5
cc1: warning: command line option '-std=c++11' is valid for C++/ObjC++ but not for C [enabled by default]
cc1: warning: command line option '-fno-rtti' is valid for C++/ObjC++ but not for C [enabled by default]
configure:9083: $? = 0
configure:9096: result: no
configure:9454: checking for /root/toolchain/bin/mips-linux-gnu-gcc option to produce PIC
configure:9461: result: -fPIC -DPIC
configure:9469: checking if /root/toolchain/bin/mips-linux-gnu-gcc PIC flag -fPIC -DPIC works
configure:9487: /root/toolchain/bin/mips-linux-gnu-gcc -c -muclibc -O3 -lrt -I../_install/include/  -muclibc -O3 -lrt -I../_install/include/ -std=c++11  -fPIC -DPIC -DPIC conftest.c >&5
cc1: warning: command line option '-std=c++11' is valid for C++/ObjC++ but not for C [enabled by default]
configure:9491: $? = 0
configure:9504: result: yes
configure:9533: checking if /root/toolchain/bin/mips-linux-gnu-gcc static flag -static works
cc1: warning: command line option '-std=c++11' is valid for C++/ObjC++ but not for C [enabled by default]
configure:9561: result: yes
configure:9576: checking if /root/toolchain/bin/mips-linux-gnu-gcc supports -c -o file.o
configure:9597: /root/toolchain/bin/mips-linux-gnu-gcc -c -muclibc -O3 -lrt -I../_install/include/  -muclibc -O3 -lrt -I../_install/include/ -std=c++11  -o out/conftest2.o conftest.c >&5
cc1: warning: command line option '-std=c++11' is valid for C++/ObjC++ but not for C [enabled by default]
configure:9601: $? = 0
configure:9623: result: yes
configure:9631: checking if /root/toolchain/bin/mips-linux-gnu-gcc supports -c -o file.o
configure:9678: result: yes
configure:9711: checking whether the /root/toolchain/bin/mips-linux-gnu-gcc linker (/root/toolchain/bin/mips-linux-gnu-ld) supports shared libraries
configure:10970: result: yes
configure:11007: checking whether -lc should be explicitly linked in
configure:11015: /root/toolchain/bin/mips-linux-gnu-gcc -c -muclibc -O3 -lrt -I../_install/include/  -muclibc -O3 -lrt -I../_install/include/ -std=c++11  conftest.c >&5
cc1: warning: command line option '-std=c++11' is valid for C++/ObjC++ but not for C [enabled by default]
configure:11018: $? = 0
configure:11033: /root/toolchain/bin/mips-linux-gnu-gcc -shared  -fPIC -DPIC conftest.o  -v -Wl,-soname -Wl,conftest -o conftest 2\>\&1 \| /bin/grep  -lc  \>/dev/null 2\>\&1
configure:11036: $? = 0
configure:11050: result: no
configure:11210: checking dynamic linker characteristics
configure:11791: /root/toolchain/bin/mips-linux-gnu-gcc -o conftest -muclibc -O3 -lrt -I../_install/include/  -muclibc -O3 -lrt -I../_install/include/ -std=c++11  -muclibc -O3 -L/root/_install/lib -lpthread -Wl,-rpath -Wl,/foo conftest.c  >&5
cc1: warning: command line option '-std=c++11' is valid for C++/ObjC++ but not for C [enabled by default]
configure:11791: $? = 0
configure:12028: result: GNU/Linux ld.so
configure:12150: checking how to hardcode library paths into programs
configure:12175: result: immediate
configure:12723: checking whether stripping libraries is possible
configure:12728: result: yes
configure:12763: checking if libtool supports shared libraries
configure:12765: result: yes
configure:12768: checking whether to build shared libraries
configure:12793: result: yes
configure:12796: checking whether to build static libraries
configure:12800: result: yes
configure:12843: checking for fdatasync
configure:12843: /root/toolchain/bin/mips-linux-gnu-gcc -o conftest -muclibc -O3 -lrt -I../_install/include/  -muclibc -O3 -lrt -I../_install/include/ -std=c++11  -muclibc -O3 -L/root/_install/lib -lpthread conftest.c  >&5
cc1: warning: command line option '-std=c++11' is valid for C++/ObjC++ but not for C [enabled by default]
configure:12843: $? = 0
configure:12843: result: yes
configure:12843: checking for usleep
configure:12843: /root/toolchain/bin/mips-linux-gnu-gcc -o conftest -muclibc -O3 -lrt -I../_install/include/  -muclibc -O3 -lrt -I../_install/include/ -std=c++11  -muclibc -O3 -L/root/_install/lib -lpthread conftest.c  >&5
cc1: warning: command line option '-std=c++11' is valid for C++/ObjC++ but not for C [enabled by default]
configure:12843: $? = 0
configure:12843: result: yes
configure:12843: checking for fullfsync
configure:12843: /root/toolchain/bin/mips-linux-gnu-gcc -o conftest -muclibc -O3 -lrt -I../_install/include/  -muclibc -O3 -lrt -I../_install/include/ -std=c++11  -muclibc -O3 -L/root/_install/lib -lpthread conftest.c  >&5
cc1: warning: command line option '-std=c++11' is valid for C++/ObjC++ but not for C [enabled by default]
/tmp/ccI5e1pr.o: In function `main':
conftest.c:(.text.startup+0x8): undefined reference to `fullfsync'
collect2: error: ld returned 1 exit status
configure:12843: $? = 1
configure: failed program was:
| /* confdefs.h */
| #define PACKAGE_NAME "sqlite"
| #define PACKAGE_TARNAME "sqlite"
| #define PACKAGE_VERSION "3.10.2"
| #define PACKAGE_STRING "sqlite 3.10.2"
| #define PACKAGE_BUGREPORT "http://www.sqlite.org"
| #define PACKAGE_URL ""
| #define PACKAGE "sqlite"
| #define VERSION "3.10.2"
| #define _FILE_OFFSET_BITS 64
| #define STDC_HEADERS 1
| #define HAVE_SYS_TYPES_H 1
| #define HAVE_SYS_STAT_H 1
| #define HAVE_STDLIB_H 1
| #define HAVE_STRING_H 1
| #define HAVE_MEMORY_H 1
| #define HAVE_STRINGS_H 1
| #define HAVE_INTTYPES_H 1
| #define HAVE_STDINT_H 1
| #define HAVE_UNISTD_H 1
| #define HAVE_DLFCN_H 1
| #define LT_OBJDIR ".libs/"
| #define HAVE_FDATASYNC 1
| #define HAVE_USLEEP 1
| /* end confdefs.h.  */
| /* Define fullfsync to an innocuous variant, in case <limits.h> declares fullfsync.
|    For example, HP-UX 11i <limits.h> declares gettimeofday.  */
| #define fullfsync innocuous_fullfsync
| 
| /* System header to define __stub macros and hopefully few prototypes,
|     which can conflict with char fullfsync (); below.
|     Prefer <limits.h> to <assert.h> if __STDC__ is defined, since
|     <limits.h> exists even on freestanding compilers.  */
| 
| #ifdef __STDC__
| # include <limits.h>
| #else
| # include <assert.h>
| #endif
| 
| #undef fullfsync
| 
| /* Override any GCC internal prototype to avoid an error.
|    Use char because int might match the return type of a GCC
|    builtin and then its argument prototype would still apply.  */
| #ifdef __cplusplus
| extern "C"
| #endif
| char fullfsync ();
| /* The GNU C library defines this for functions which it implements
|     to always fail with ENOSYS.  Some functions are actually named
|     something starting with __ and the normal name is an alias.  */
| #if defined __stub_fullfsync || defined __stub___fullfsync
| choke me
| #endif
| 
| int
| main ()
| {
| return fullfsync ();
|   ;
|   return 0;
| }
configure:12843: result: no
configure:12843: checking for localtime_r
configure:12843: /root/toolchain/bin/mips-linux-gnu-gcc -o conftest -muclibc -O3 -lrt -I../_install/include/  -muclibc -O3 -lrt -I../_install/include/ -std=c++11  -muclibc -O3 -L/root/_install/lib -lpthread conftest.c  >&5
cc1: warning: command line option '-std=c++11' is valid for C++/ObjC++ but not for C [enabled by default]
configure:12843: $? = 0
configure:12843: result: yes
configure:12843: checking for gmtime_r
configure:12843: /root/toolchain/bin/mips-linux-gnu-gcc -o conftest -muclibc -O3 -lrt -I../_install/include/  -muclibc -O3 -lrt -I../_install/include/ -std=c++11  -muclibc -O3 -L/root/_install/lib -lpthread conftest.c  >&5
cc1: warning: command line option '-std=c++11' is valid for C++/ObjC++ but not for C [enabled by default]
configure:12843: $? = 0
configure:12843: result: yes
configure:12852: checking whether strerror_r is declared
configure:12852: /root/toolchain/bin/mips-linux-gnu-gcc -c -muclibc -O3 -lrt -I../_install/include/  -muclibc -O3 -lrt -I../_install/include/ -std=c++11  conftest.c >&5
cc1: warning: command line option '-std=c++11' is valid for C++/ObjC++ but not for C [enabled by default]
configure:12852: $? = 0
configure:12852: result: yes
configure:12865: checking for strerror_r
configure:12865: /root/toolchain/bin/mips-linux-gnu-gcc -o conftest -muclibc -O3 -lrt -I../_install/include/  -muclibc -O3 -lrt -I../_install/include/ -std=c++11  -muclibc -O3 -L/root/_install/lib -lpthread conftest.c  >&5
cc1: warning: command line option '-std=c++11' is valid for C++/ObjC++ but not for C [enabled by default]
configure:12865: $? = 0
configure:12865: result: yes
configure:12874: checking whether strerror_r returns char *
configure:12898: /root/toolchain/bin/mips-linux-gnu-gcc -c -muclibc -O3 -lrt -I../_install/include/  -muclibc -O3 -lrt -I../_install/include/ -std=c++11  conftest.c >&5
cc1: warning: command line option '-std=c++11' is valid for C++/ObjC++ but not for C [enabled by default]
conftest.c: In function 'main':
conftest.c:68:13: error: invalid type argument of unary '*' (have 'int')
conftest.c:69:14: warning: initialization makes pointer from integer without a cast [enabled by default]
configure:12898: $? = 1
configure: failed program was:
| /* confdefs.h */
| #define PACKAGE_NAME "sqlite"
| #define PACKAGE_TARNAME "sqlite"
| #define PACKAGE_VERSION "3.10.2"
| #define PACKAGE_STRING "sqlite 3.10.2"
| #define PACKAGE_BUGREPORT "http://www.sqlite.org"
| #define PACKAGE_URL ""
| #define PACKAGE "sqlite"
| #define VERSION "3.10.2"
| #define _FILE_OFFSET_BITS 64
| #define STDC_HEADERS 1
| #define HAVE_SYS_TYPES_H 1
| #define HAVE_SYS_STAT_H 1
| #define HAVE_STDLIB_H 1
| #define HAVE_STRING_H 1
| #define HAVE_MEMORY_H 1
| #define HAVE_STRINGS_H 1
| #define HAVE_INTTYPES_H 1
| #define HAVE_STDINT_H 1
| #define HAVE_UNISTD_H 1
| #define HAVE_DLFCN_H 1
| #define LT_OBJDIR ".libs/"
| #define HAVE_FDATASYNC 1
| #define HAVE_USLEEP 1
| #define HAVE_LOCALTIME_R 1
| #define HAVE_GMTIME_R 1
| #define HAVE_DECL_STRERROR_R 1
| #define HAVE_STRERROR_R 1
| /* end confdefs.h.  */
| #include <stdio.h>
| #ifdef HAVE_SYS_TYPES_H
| # include <sys/types.h>
| #endif
| #ifdef HAVE_SYS_STAT_H
| # include <sys/stat.h>
| #endif
| #ifdef STDC_HEADERS
| # include <stdlib.h>
| # include <stddef.h>
| #else
| # ifdef HAVE_STDLIB_H
| #  include <stdlib.h>
| # endif
| #endif
| #ifdef HAVE_STRING_H
| # if !defined STDC_HEADERS && defined HAVE_MEMORY_H
| #  include <memory.h>
| # endif
| # include <string.h>
| #endif
| #ifdef HAVE_STRINGS_H
| # include <strings.h>
| #endif
| #ifdef HAVE_INTTYPES_H
| # include <inttypes.h>
| #endif
| #ifdef HAVE_STDINT_H
| # include <stdint.h>
| #endif
| #ifdef HAVE_UNISTD_H
| # include <unistd.h>
| #endif
| int
| main ()
| {
| 
| 	  char buf[100];
| 	  char x = *strerror_r (0, buf, sizeof buf);
| 	  char *p = strerror_r (0, buf, sizeof buf);
| 	  return !p || x;
| 
|   ;
|   return 0;
| }
configure:12936: result: no
configure:12970: checking for library containing readline
configure:13001: /root/toolchain/bin/mips-linux-gnu-gcc -o conftest -muclibc -O3 -lrt -I../_install/include/  -muclibc -O3 -lrt -I../_install/include/ -std=c++11  -muclibc -O3 -L/root/_install/lib -lpthread conftest.c  >&5
cc1: warning: command line option '-std=c++11' is valid for C++/ObjC++ but not for C [enabled by default]
/tmp/ccDIG6pA.o: In function `main':
conftest.c:(.text.startup+0x8): undefined reference to `readline'
collect2: error: ld returned 1 exit status
configure:13001: $? = 1
configure: failed program was:
| /* confdefs.h */
| #define PACKAGE_NAME "sqlite"
| #define PACKAGE_TARNAME "sqlite"
| #define PACKAGE_VERSION "3.10.2"
| #define PACKAGE_STRING "sqlite 3.10.2"
| #define PACKAGE_BUGREPORT "http://www.sqlite.org"
| #define PACKAGE_URL ""
| #define PACKAGE "sqlite"
| #define VERSION "3.10.2"
| #define _FILE_OFFSET_BITS 64
| #define STDC_HEADERS 1
| #define HAVE_SYS_TYPES_H 1
| #define HAVE_SYS_STAT_H 1
| #define HAVE_STDLIB_H 1
| #define HAVE_STRING_H 1
| #define HAVE_MEMORY_H 1
| #define HAVE_STRINGS_H 1
| #define HAVE_INTTYPES_H 1
| #define HAVE_STDINT_H 1
| #define HAVE_UNISTD_H 1
| #define HAVE_DLFCN_H 1
| #define LT_OBJDIR ".libs/"
| #define HAVE_FDATASYNC 1
| #define HAVE_USLEEP 1
| #define HAVE_LOCALTIME_R 1
| #define HAVE_GMTIME_R 1
| #define HAVE_DECL_STRERROR_R 1
| #define HAVE_STRERROR_R 1
| /* end confdefs.h.  */
| 
| /* Override any GCC internal prototype to avoid an error.
|    Use char because int might match the return type of a GCC
|    builtin and then its argument prototype would still apply.  */
| #ifdef __cplusplus
| extern "C"
| #endif
| char readline ();
| int
| main ()
| {
| return readline ();
|   ;
|   return 0;
| }
configure:13001: /root/toolchain/bin/mips-linux-gnu-gcc -o conftest -muclibc -O3 -lrt -I../_install/include/  -muclibc -O3 -lrt -I../_install/include/ -std=c++11  -muclibc -O3 -L/root/_install/lib -lpthread conftest.c -ledit   >&5
cc1: warning: command line option '-std=c++11' is valid for C++/ObjC++ but not for C [enabled by default]
/root/toolchain/bin/../lib/gcc/mips-linux-gnu/4.7.2/../../../../mips-linux-gnu/bin/ld: cannot find -ledit
collect2: error: ld returned 1 exit status
configure:13001: $? = 1
configure: failed program was:
| /* confdefs.h */
| #define PACKAGE_NAME "sqlite"
| #define PACKAGE_TARNAME "sqlite"
| #define PACKAGE_VERSION "3.10.2"
| #define PACKAGE_STRING "sqlite 3.10.2"
| #define PACKAGE_BUGREPORT "http://www.sqlite.org"
| #define PACKAGE_URL ""
| #define PACKAGE "sqlite"
| #define VERSION "3.10.2"
| #define _FILE_OFFSET_BITS 64
| #define STDC_HEADERS 1
| #define HAVE_SYS_TYPES_H 1
| #define HAVE_SYS_STAT_H 1
| #define HAVE_STDLIB_H 1
| #define HAVE_STRING_H 1
| #define HAVE_MEMORY_H 1
| #define HAVE_STRINGS_H 1
| #define HAVE_INTTYPES_H 1
| #define HAVE_STDINT_H 1
| #define HAVE_UNISTD_H 1
| #define HAVE_DLFCN_H 1
| #define LT_OBJDIR ".libs/"
| #define HAVE_FDATASYNC 1
| #define HAVE_USLEEP 1
| #define HAVE_LOCALTIME_R 1
| #define HAVE_GMTIME_R 1
| #define HAVE_DECL_STRERROR_R 1
| #define HAVE_STRERROR_R 1
| /* end confdefs.h.  */
| 
| /* Override any GCC internal prototype to avoid an error.
|    Use char because int might match the return type of a GCC
|    builtin and then its argument prototype would still apply.  */
| #ifdef __cplusplus
| extern "C"
| #endif
| char readline ();
| int
| main ()
| {
| return readline ();
|   ;
|   return 0;
| }
configure:13018: result: no
configure:13185: checking for library containing pthread_create
configure:13216: /root/toolchain/bin/mips-linux-gnu-gcc -o conftest -muclibc -O3 -lrt -I../_install/include/  -muclibc -O3 -lrt -I../_install/include/ -std=c++11  -muclibc -O3 -L/root/_install/lib -lpthread conftest.c  >&5
cc1: warning: command line option '-std=c++11' is valid for C++/ObjC++ but not for C [enabled by default]
configure:13216: $? = 0
configure:13233: result: none required
configure:13256: checking for library containing dlopen
configure:13287: /root/toolchain/bin/mips-linux-gnu-gcc -o conftest -muclibc -O3 -lrt -I../_install/include/  -muclibc -O3 -lrt -I../_install/include/ -std=c++11  -muclibc -O3 -L/root/_install/lib -lpthread conftest.c  >&5
cc1: warning: command line option '-std=c++11' is valid for C++/ObjC++ but not for C [enabled by default]
/root/toolchain/bin/../lib/gcc/mips-linux-gnu/4.7.2/../../../../mips-linux-gnu/bin/ld: /root/toolchain/bin/../mips-linux-gnu/libc/uclibc/usr/lib/librt.so: undefined reference to symbol 'dlopen'
/root/toolchain/bin/../mips-linux-gnu/libc/uclibc/lib/libdl.so.0: error adding symbols: DSO missing from command line
collect2: error: ld returned 1 exit status
configure:13287: $? = 1
configure: failed program was:
| /* confdefs.h */
| #define PACKAGE_NAME "sqlite"
| #define PACKAGE_TARNAME "sqlite"
| #define PACKAGE_VERSION "3.10.2"
| #define PACKAGE_STRING "sqlite 3.10.2"
| #define PACKAGE_BUGREPORT "http://www.sqlite.org"
| #define PACKAGE_URL ""
| #define PACKAGE "sqlite"
| #define VERSION "3.10.2"
| #define _FILE_OFFSET_BITS 64
| #define STDC_HEADERS 1
| #define HAVE_SYS_TYPES_H 1
| #define HAVE_SYS_STAT_H 1
| #define HAVE_STDLIB_H 1
| #define HAVE_STRING_H 1
| #define HAVE_MEMORY_H 1
| #define HAVE_STRINGS_H 1
| #define HAVE_INTTYPES_H 1
| #define HAVE_STDINT_H 1
| #define HAVE_UNISTD_H 1
| #define HAVE_DLFCN_H 1
| #define LT_OBJDIR ".libs/"
| #define HAVE_FDATASYNC 1
| #define HAVE_USLEEP 1
| #define HAVE_LOCALTIME_R 1
| #define HAVE_GMTIME_R 1
| #define HAVE_DECL_STRERROR_R 1
| #define HAVE_STRERROR_R 1
| /* end confdefs.h.  */
| 
| /* Override any GCC internal prototype to avoid an error.
|    Use char because int might match the return type of a GCC
|    builtin and then its argument prototype would still apply.  */
| #ifdef __cplusplus
| extern "C"
| #endif
| char dlopen ();
| int
| main ()
| {
| return dlopen ();
|   ;
|   return 0;
| }
configure:13287: /root/toolchain/bin/mips-linux-gnu-gcc -o conftest -muclibc -O3 -lrt -I../_install/include/  -muclibc -O3 -lrt -I../_install/include/ -std=c++11  -muclibc -O3 -L/root/_install/lib -lpthread conftest.c -ldl   >&5
cc1: warning: command line option '-std=c++11' is valid for C++/ObjC++ but not for C [enabled by default]
configure:13287: $? = 0
configure:13304: result: -ldl
configure:13315: checking for whether to support dynamic extensions
configure:13317: result: yes
configure:13430: checking for posix_fallocate
configure:13430: /root/toolchain/bin/mips-linux-gnu-gcc -o conftest -muclibc -O3 -lrt -I../_install/include/  -muclibc -O3 -lrt -I../_install/include/ -std=c++11  -muclibc -O3 -L/root/_install/lib -lpthread conftest.c -ldl  >&5
cc1: warning: command line option '-std=c++11' is valid for C++/ObjC++ but not for C [enabled by default]
/tmp/cckAWWvK.o: In function `main':
conftest.c:(.text.startup+0x8): undefined reference to `posix_fallocate'
collect2: error: ld returned 1 exit status
configure:13430: $? = 1
configure: failed program was:
| /* confdefs.h */
| #define PACKAGE_NAME "sqlite"
| #define PACKAGE_TARNAME "sqlite"
| #define PACKAGE_VERSION "3.10.2"
| #define PACKAGE_STRING "sqlite 3.10.2"
| #define PACKAGE_BUGREPORT "http://www.sqlite.org"
| #define PACKAGE_URL ""
| #define PACKAGE "sqlite"
| #define VERSION "3.10.2"
| #define _FILE_OFFSET_BITS 64
| #define STDC_HEADERS 1
| #define HAVE_SYS_TYPES_H 1
| #define HAVE_SYS_STAT_H 1
| #define HAVE_STDLIB_H 1
| #define HAVE_STRING_H 1
| #define HAVE_MEMORY_H 1
| #define HAVE_STRINGS_H 1
| #define HAVE_INTTYPES_H 1
| #define HAVE_STDINT_H 1
| #define HAVE_UNISTD_H 1
| #define HAVE_DLFCN_H 1
| #define LT_OBJDIR ".libs/"
| #define HAVE_FDATASYNC 1
| #define HAVE_USLEEP 1
| #define HAVE_LOCALTIME_R 1
| #define HAVE_GMTIME_R 1
| #define HAVE_DECL_STRERROR_R 1
| #define HAVE_STRERROR_R 1
| /* end confdefs.h.  */
| /* Define posix_fallocate to an innocuous variant, in case <limits.h> declares posix_fallocate.
|    For example, HP-UX 11i <limits.h> declares gettimeofday.  */
| #define posix_fallocate innocuous_posix_fallocate
| 
| /* System header to define __stub macros and hopefully few prototypes,
|     which can conflict with char posix_fallocate (); below.
|     Prefer <limits.h> to <assert.h> if __STDC__ is defined, since
|     <limits.h> exists even on freestanding compilers.  */
| 
| #ifdef __STDC__
| # include <limits.h>
| #else
| # include <assert.h>
| #endif
| 
| #undef posix_fallocate
| 
| /* Override any GCC internal prototype to avoid an error.
|    Use char because int might match the return type of a GCC
|    builtin and then its argument prototype would still apply.  */
| #ifdef __cplusplus
| extern "C"
| #endif
| char posix_fallocate ();
| /* The GNU C library defines this for functions which it implements
|     to always fail with ENOSYS.  Some functions are actually named
|     something starting with __ and the normal name is an alias.  */
| #if defined __stub_posix_fallocate || defined __stub___posix_fallocate
| choke me
| #endif
| 
| int
| main ()
| {
| return posix_fallocate ();
|   ;
|   return 0;
| }
configure:13430: result: no
configure:13610: checking that generated files are newer than configure
configure:13616: result: done
configure:13643: creating ./config.status

## ---------------------- ##
## Running config.status. ##
## ---------------------- ##

This file was extended by sqlite config.status 3.10.2, which was
generated by GNU Autoconf 2.69.  Invocation command line was

  CONFIG_FILES    = 
  CONFIG_HEADERS  = 
  CONFIG_LINKS    = 
  CONFIG_COMMANDS = 
  $ ./config.status 

on e6a00c6b8402

config.status:1015: creating Makefile
config.status:1015: creating sqlite3.pc
config.status:1187: executing depfiles commands
config.status:1187: executing libtool commands
configure:15596: WARNING: unrecognized options: --disable-gtk-doc, --disable-gtk-doc-html, --disable-doc, --disable-docs, --disable-documentation, --with-xmlto, --with-fop, --disable-ipv6

## ---------------- ##
## Cache variables. ##
## ---------------- ##

ac_cv_build=x86_64-unknown-linux-gnu
ac_cv_c_compiler_gnu=yes
ac_cv_env_CC_set=set
ac_cv_env_CC_value=/root/toolchain/bin/mips-linux-gnu-gcc
ac_cv_env_CFLAGS_set=set
ac_cv_env_CFLAGS_value='-muclibc -O3 -lrt -I../_install/include/ '
ac_cv_env_CPPFLAGS_set=set
ac_cv_env_CPPFLAGS_value='-muclibc -O3 -lrt -I../_install/include/ -std=c++11 '
ac_cv_env_CPP_set=set
ac_cv_env_CPP_value=/root/toolchain/bin/mips-linux-gnu-cpp
ac_cv_env_LDFLAGS_set=set
ac_cv_env_LDFLAGS_value='-muclibc -O3 -L/root/_install/lib -lpthread'
ac_cv_env_LIBS_set=
ac_cv_env_LIBS_value=
ac_cv_env_LT_SYS_LIBRARY_PATH_set=
ac_cv_env_LT_SYS_LIBRARY_PATH_value=
ac_cv_env_build_alias_set=
ac_cv_env_build_alias_value=
ac_cv_env_host_alias_set=set
ac_cv_env_host_alias_value=mips-linux-gnu
ac_cv_env_target_alias_set=
ac_cv_env_target_alias_value=
ac_cv_func_fdatasync=yes
ac_cv_func_fullfsync=no
ac_cv_func_gmtime_r=yes
ac_cv_func_localtime_r=yes
ac_cv_func_posix_fallocate=no
ac_cv_func_strerror_r=yes
ac_cv_func_strerror_r_char_p=no
ac_cv_func_usleep=yes
ac_cv_have_decl_strerror_r=yes
ac_cv_header_dlfcn_h=yes
ac_cv_header_inttypes_h=yes
ac_cv_header_memory_h=yes
ac_cv_header_stdc=yes
ac_cv_header_stdint_h=yes
ac_cv_header_stdlib_h=yes
ac_cv_header_string_h=yes
ac_cv_header_strings_h=yes
ac_cv_header_sys_stat_h=yes
ac_cv_header_sys_types_h=yes
ac_cv_header_unistd_h=yes
ac_cv_host=mips-unknown-linux-gnu
ac_cv_objext=o
ac_cv_path_EGREP='/bin/grep -E'
ac_cv_path_FGREP='/bin/grep -F'
ac_cv_path_GREP=/bin/grep
ac_cv_path_SED=/bin/sed
ac_cv_path_lt_DD=/bin/dd
ac_cv_path_mkdir=/bin/mkdir
ac_cv_prog_AR=/root/toolchain/bin/mips-linux-gnu-ar
ac_cv_prog_AWK=mawk
ac_cv_prog_CC=/root/toolchain/bin/mips-linux-gnu-gcc
ac_cv_prog_CPP=/root/toolchain/bin/mips-linux-gnu-cpp
ac_cv_prog_OBJDUMP=mips-linux-gnu-objdump
ac_cv_prog_RANLIB=mips-linux-gnu-ranlib
ac_cv_prog_STRIP=/root/toolchain/bin/mips-linux-gnu-strip
ac_cv_prog_cc_c89=
ac_cv_prog_cc_g=yes
ac_cv_prog_make_make_set=yes
ac_cv_search_dlopen=-ldl
ac_cv_search_pthread_create='none required'
ac_cv_sys_file_offset_bits=64
ac_cv_sys_largefile_CC=no
am_cv_CC_dependencies_compiler_type=none
am_cv_make_support_nested_variables=yes
am_cv_prog_cc_c_o=yes
lt_cv_ar_at_file=@
lt_cv_archive_cmds_need_lc=no
lt_cv_deplibs_check_method=pass_all
lt_cv_file_magic_cmd='$MAGIC_CMD'
lt_cv_file_magic_test_file=
lt_cv_ld_reload_flag=-r
lt_cv_nm_interface='BSD nm'
lt_cv_objdir=.libs
lt_cv_path_LD=/root/toolchain/bin/mips-linux-gnu-ld
lt_cv_path_NM='/usr/bin/mips-linux-gnu-nm -B'
lt_cv_path_mainfest_tool=no
lt_cv_prog_compiler_c_o=yes
lt_cv_prog_compiler_pic='-fPIC -DPIC'
lt_cv_prog_compiler_pic_works=yes
lt_cv_prog_compiler_rtti_exceptions=no
lt_cv_prog_compiler_static_works=yes
lt_cv_prog_gnu_ld=yes
lt_cv_sharedlib_from_linklib_cmd='printf %s\n'
lt_cv_shlibpath_overrides_runpath=no
lt_cv_sys_global_symbol_pipe='sed -n -e '\''s/^.*[	 ]\([ABCDGIRSTW][ABCDGIRSTW]*\)[	 ][	 ]*\([_A-Za-z][_A-Za-z0-9]*\)$/\1 \2 \2/p'\'' | sed '\''/ __gnu_lto/d'\'''
lt_cv_sys_global_symbol_to_c_name_address='sed -n -e '\''s/^: \(.*\) .*$/  {"\1", (void *) 0},/p'\'' -e '\''s/^[ABCDGIRSTW][ABCDGIRSTW]* .* \(.*\)$/  {"\1", (void *) \&\1},/p'\'''
lt_cv_sys_global_symbol_to_c_name_address_lib_prefix='sed -n -e '\''s/^: \(.*\) .*$/  {"\1", (void *) 0},/p'\'' -e '\''s/^[ABCDGIRSTW][ABCDGIRSTW]* .* \(lib.*\)$/  {"\1", (void *) \&\1},/p'\'' -e '\''s/^[ABCDGIRSTW][ABCDGIRSTW]* .* \(.*\)$/  {"lib\1", (void *) \&\1},/p'\'''
lt_cv_sys_global_symbol_to_cdecl='sed -n -e '\''s/^T .* \(.*\)$/extern int \1();/p'\'' -e '\''s/^[ABCDGIRSTW][ABCDGIRSTW]* .* \(.*\)$/extern char \1;/p'\'''
lt_cv_sys_global_symbol_to_import=
lt_cv_sys_max_cmd_len=1572864
lt_cv_to_host_file_cmd=func_convert_file_noop
lt_cv_to_tool_file_cmd=func_convert_file_noop
lt_cv_truncate_bin='/bin/dd bs=4096 count=1'

## ----------------- ##
## Output variables. ##
## ----------------- ##

ACLOCAL='${SHELL} /root/sqlite-3100200/missing aclocal-1.15'
AMDEPBACKSLASH=''
AMDEP_FALSE=''
AMDEP_TRUE='#'
AMTAR='$${TAR-tar}'
AM_BACKSLASH='\'
AM_DEFAULT_V='$(AM_DEFAULT_VERBOSITY)'
AM_DEFAULT_VERBOSITY='1'
AM_V='$(V)'
AR='/root/toolchain/bin/mips-linux-gnu-ar'
AUTOCONF='${SHELL} /root/sqlite-3100200/missing autoconf'
AUTOHEADER='${SHELL} /root/sqlite-3100200/missing autoheader'
AUTOMAKE='${SHELL} /root/sqlite-3100200/missing automake-1.15'
AWK='mawk'
BUILD_CFLAGS=''
CC='/root/toolchain/bin/mips-linux-gnu-gcc'
CCDEPMODE='depmode=none'
CFLAGS='-muclibc -O3 -lrt -I../_install/include/ '
CPP='/root/toolchain/bin/mips-linux-gnu-cpp'
CPPFLAGS='-muclibc -O3 -lrt -I../_install/include/ -std=c++11 '
CYGPATH_W='echo'
DEFS='-DPACKAGE_NAME=\"sqlite\" -DPACKAGE_TARNAME=\"sqlite\" -DPACKAGE_VERSION=\"3.10.2\" -DPACKAGE_STRING=\"sqlite\ 3.10.2\" -DPACKAGE_BUGREPORT=\"http://www.sqlite.org\" -DPACKAGE_URL=\"\" -DPACKAGE=\"sqlite\" -DVERSION=\"3.10.2\" -D_FILE_OFFSET_BITS=64 -DSTDC_HEADERS=1 -DHAVE_SYS_TYPES_H=1 -DHAVE_SYS_STAT_H=1 -DHAVE_STDLIB_H=1 -DHAVE_STRING_H=1 -DHAVE_MEMORY_H=1 -DHAVE_STRINGS_H=1 -DHAVE_INTTYPES_H=1 -DHAVE_STDINT_H=1 -DHAVE_UNISTD_H=1 -DHAVE_DLFCN_H=1 -DLT_OBJDIR=\".libs/\" -DHAVE_FDATASYNC=1 -DHAVE_USLEEP=1 -DHAVE_LOCALTIME_R=1 -DHAVE_GMTIME_R=1 -DHAVE_DECL_STRERROR_R=1 -DHAVE_STRERROR_R=1'
DEPDIR='.deps'
DLLTOOL='false'
DSYMUTIL=''
DUMPBIN=''
DYNAMIC_EXTENSION_FLAGS=''
ECHO_C=''
ECHO_N='-n'
ECHO_T=''
EGREP='/bin/grep -E'
EXEEXT=''
EXTRA_SHELL_OBJ='libsqlite3.la'
FGREP='/bin/grep -F'
FTS5_FLAGS=''
GREP='/bin/grep'
INSTALL_DATA='${INSTALL} -m 644'
INSTALL_PROGRAM='${INSTALL}'
INSTALL_SCRIPT='${INSTALL}'
INSTALL_STRIP_PROGRAM='$(install_sh) -c -s'
JSON1_FLAGS=''
LD='/root/toolchain/bin/mips-linux-gnu-ld'
LDFLAGS='-muclibc -O3 -L/root/_install/lib -lpthread'
LIBOBJS=''
LIBS='-ldl '
LIBTOOL='$(SHELL) $(top_builddir)/libtool'
LIPO=''
LN_S='ln -s'
LTLIBOBJS=''
LT_SYS_LIBRARY_PATH=''
MAKEINFO='${SHELL} /root/sqlite-3100200/missing makeinfo'
MANIFEST_TOOL=':'
MKDIR_P='/bin/mkdir -p'
NM='/usr/bin/mips-linux-gnu-nm -B'
NMEDIT=''
OBJDUMP='mips-linux-gnu-objdump'
OBJEXT='o'
OTOOL64=''
OTOOL=''
PACKAGE='sqlite'
PACKAGE_BUGREPORT='http://www.sqlite.org'
PACKAGE_NAME='sqlite'
PACKAGE_STRING='sqlite 3.10.2'
PACKAGE_TARNAME='sqlite'
PACKAGE_URL=''
PACKAGE_VERSION='3.10.2'
PATH_SEPARATOR=':'
RANLIB='mips-linux-gnu-ranlib'
READLINE_LIBS=''
SED='/bin/sed'
SET_MAKE=''
SHELL='/bin/bash'
STRIP='/root/toolchain/bin/mips-linux-gnu-strip'
THREADSAFE_FLAGS='-D_REENTRANT=1 -DSQLITE_THREADSAFE=1'
VERSION='3.10.2'
ac_ct_AR=''
ac_ct_CC=''
ac_ct_DUMPBIN=''
am__EXEEXT_FALSE=''
am__EXEEXT_TRUE='#'
am__fastdepCC_FALSE=''
am__fastdepCC_TRUE='#'
am__include='include'
am__isrc=''
am__leading_dot='.'
am__nodep=''
am__quote=''
am__tar='$${TAR-tar} chof - "$$tardir"'
am__untar='$${TAR-tar} xf -'
bindir='${exec_prefix}/bin'
build='x86_64-unknown-linux-gnu'
build_alias=''
build_cpu='x86_64'
build_os='linux-gnu'
build_vendor='unknown'
datadir='${datarootdir}'
datarootdir='${prefix}/share'
docdir='${datarootdir}/doc/${PACKAGE_TARNAME}'
dvidir='${docdir}'
exec_prefix='${prefix}'
host='mips-unknown-linux-gnu'
host_alias='mips-linux-gnu'
host_cpu='mips'
host_os='linux-gnu'
host_vendor='unknown'
htmldir='${docdir}'
includedir='${prefix}/include'
infodir='${datarootdir}/info'
install_sh='${SHELL} /root/sqlite-3100200/install-sh'
libdir='${exec_prefix}/lib'
libexecdir='${exec_prefix}/libexec'
localedir='${datarootdir}/locale'
localstatedir='${prefix}/var'
mandir='${datarootdir}/man'
mkdir_p='$(MKDIR_P)'
oldincludedir='/usr/include'
pdfdir='${docdir}'
prefix='/root/_install'
program_transform_name='s,x,x,'
psdir='${docdir}'
sbindir='${exec_prefix}/sbin'
sharedstatedir='${prefix}/com'
sysconfdir='${prefix}/etc'
target_alias=''

## ----------- ##
## confdefs.h. ##
## ----------- ##

/* confdefs.h */
#define PACKAGE_NAME "sqlite"
#define PACKAGE_TARNAME "sqlite"
#define PACKAGE_VERSION "3.10.2"
#define PACKAGE_STRING "sqlite 3.10.2"
#define PACKAGE_BUGREPORT "http://www.sqlite.org"
#define PACKAGE_URL ""
#define PACKAGE "sqlite"
#define VERSION "3.10.2"
#define _FILE_OFFSET_BITS 64
#define STDC_HEADERS 1
#define HAVE_SYS_TYPES_H 1
#define HAVE_SYS_STAT_H 1
#define HAVE_STDLIB_H 1
#define HAVE_STRING_H 1
#define HAVE_MEMORY_H 1
#define HAVE_STRINGS_H 1
#define HAVE_INTTYPES_H 1
#define HAVE_STDINT_H 1
#define HAVE_UNISTD_H 1
#define HAVE_DLFCN_H 1
#define LT_OBJDIR ".libs/"
#define HAVE_FDATASYNC 1
#define HAVE_USLEEP 1
#define HAVE_LOCALTIME_R 1
#define HAVE_GMTIME_R 1
#define HAVE_DECL_STRERROR_R 1
#define HAVE_STRERROR_R 1

configure: exit 0
