This file contains any messages produced by compilers while
running configure, to aid debugging if configure makes a mistake.

It was created by alsa-lib configure 1.1.0, which was
generated by GNU Autoconf 2.69.  Invocation command line was

  $ ./configure --host=mips-linux-gnu --prefix=/root/_install --enable-static --disable-shared --disable-gtk-doc --disable-gtk-doc-html --disable-doc --disable-docs --disable-documentation --with-xmlto=no --with-fop=no --disable-dependency-tracking --disable-ipv6 --enable-static --enable-shared --with-alsa-devdir=/dev/snd --with-pcm-plugins=all --with-ctl-plugins=all --without-versioned --enable-static=no --disable-mixer --disable-rawmidi --disable-hwdep --disable-seq --disable-alisp --disable-old-symbols --disable-python

## --------- ##
## Platform. ##
## --------- ##

hostname = e6a00c6b8402
uname -m = x86_64
uname -r = 5.15.167.4-microsoft-standard-WSL2
uname -s = Linux
uname -v = #1 SMP Tue Nov 5 00:21:55 UTC 2024

/usr/bin/uname -p = unknown
/bin/uname -X     = unknown

/bin/arch              = unknown
/usr/bin/arch -k       = unknown
/usr/convex/getsysinfo = unknown
/usr/bin/hostinfo      = unknown
/bin/machine           = unknown
/usr/bin/oslevel       = unknown
/bin/universe          = unknown

PATH: /usr/local/sbin
PATH: /usr/local/bin
PATH: /usr/sbin
PATH: /usr/bin
PATH: /sbin
PATH: /bin


## ----------- ##
## Core tests. ##
## ----------- ##

configure:2441: checking build system type
configure:2455: result: x86_64-unknown-linux-gnu
configure:2475: checking host system type
configure:2488: result: mips-unknown-linux-gnu
configure:2524: checking for a BSD-compatible install
configure:2592: result: install-sh
configure:2603: checking whether build environment is sane
configure:2658: result: yes
configure:2717: checking for mips-linux-gnu-strip
configure:2744: result: /root/toolchain/bin/mips-linux-gnu-strip
configure:2809: checking for a thread-safe mkdir -p
configure:2848: result: /bin/mkdir -p
configure:2855: checking for gawk
configure:2885: result: no
configure:2855: checking for mawk
configure:2871: found /usr/bin/mawk
configure:2882: result: mawk
configure:2893: checking whether make sets $(MAKE)
configure:2915: result: yes
configure:2944: checking whether make supports nested variables
configure:2961: result: yes
configure:3098: checking whether to enable maintainer-specific portions of Makefiles
configure:3107: result: yes
configure:3133: checking whether make supports nested variables
configure:3150: result: yes
configure:3173: checking for mips-linux-gnu-gcc
configure:3200: result: /root/toolchain/bin/mips-linux-gnu-gcc
configure:3469: checking for C compiler version
configure:3478: /root/toolchain/bin/mips-linux-gnu-gcc --version >&5
mips-linux-gnu-gcc (Ingenic r2.3.3 2016.12) 4.7.2
Copyright (C) 2012 Free Software Foundation, Inc.
This is free software; see the source for copying conditions.  There is NO
warranty; not even for MERCHANTABILITY or FITNESS FOR A PARTICULAR PURPOSE.

configure:3489: $? = 0
configure:3478: /root/toolchain/bin/mips-linux-gnu-gcc -v >&5
Using built-in specs.
COLLECT_GCC=/root/toolchain/bin/mips-linux-gnu-gcc
COLLECT_LTO_WRAPPER=/root/toolchain/bin/../libexec/gcc/mips-linux-gnu/4.7.2/lto-wrapper
Target: mips-linux-gnu
Configured with: /home/toolchains/r2.3.3/src/gcc-4.7-2012.09/configure --build=i686-pc-linux-gnu --host=i686-pc-linux-gnu --target=mips-linux-gnu --enable-threads --disable-libmudflap --disable-libssp --disable-libstdcxx-pch --with-arch-32=mips32r2 --with-float=hard --with-mips-plt --enable-extra-sgxxlite-multilibs --with-gnu-as --with-gnu-ld --with-specs='%{save-temps: -fverbose-asm} -D__CS_SOURCERYGXX_MAJ__=2012 -D__CS_SOURCERYGXX_MIN__=9 -D__CS_SOURCERYGXX_REV__=99' --enable-languages=c,c++,fortran --enable-shared --enable-lto --enable-symvers=gnu --enable-__cxa_atexit --with-pkgversion='Ingenic r2.3.3 2016.12' --disable-nls --prefix=/home/toolchains/r2.3.3/install --with-sysroot=/home/toolchains/r2.3.3/install/mips-linux-gnu/libc --with-build-sysroot=/home/toolchains/r2.3.3/install/mips-linux-gnu/libc --with-gmp=/home/toolchains/r2.3.3/obj/pkg-2012.09-99-mips-linux-gnu/mips-2012.09-99-mips-linux-gnu.extras/host-libs-i686-pc-linux-gnu/usr --with-mpfr=/home/toolchains/r2.3.3/obj/pkg-2012.09-99-mips-linux-gnu/mips-2012.09-99-mips-linux-gnu.extras/host-libs-i686-pc-linux-gnu/usr --with-mpc=/home/toolchains/r2.3.3/obj/pkg-2012.09-99-mips-linux-gnu/mips-2012.09-99-mips-linux-gnu.extras/host-libs-i686-pc-linux-gnu/usr --with-ppl=/home/toolchains/r2.3.3/obj/pkg-2012.09-99-mips-linux-gnu/mips-2012.09-99-mips-linux-gnu.extras/host-libs-i686-pc-linux-gnu/usr --with-host-libstdcxx='-static-libgcc -Wl,-Bstatic,-lstdc++,-Bdynamic -lm' --with-cloog=/home/toolchains/r2.3.3/obj/pkg-2012.09-99-mips-linux-gnu/mips-2012.09-99-mips-linux-gnu.extras/host-libs-i686-pc-linux-gnu/usr --with-libelf=/home/toolchains/r2.3.3/obj/pkg-2012.09-99-mips-linux-gnu/mips-2012.09-99-mips-linux-gnu.extras/host-libs-i686-pc-linux-gnu/usr --disable-libgomp --disable-libitm --enable-poison-system-directories --with-build-time-tools=/home/toolchains/r2.3.3/install/mips-linux-gnu/bin
Thread model: posix
gcc version 4.7.2 (Ingenic r2.3.3 2016.12) 
configure:3489: $? = 0
configure:3478: /root/toolchain/bin/mips-linux-gnu-gcc -V >&5
mips-linux-gnu-gcc: error: unrecognized command line option '-V'
mips-linux-gnu-gcc: fatal error: no input files
compilation terminated.
configure:3489: $? = 1
configure:3478: /root/toolchain/bin/mips-linux-gnu-gcc -qversion >&5
mips-linux-gnu-gcc: error: unrecognized command line option '-qversion'
mips-linux-gnu-gcc: fatal error: no input files
compilation terminated.
configure:3489: $? = 1
configure:3509: checking whether the C compiler works
configure:3531: /root/toolchain/bin/mips-linux-gnu-gcc -muclibc -O3 -lrt -I../_install/include/  -muclibc -O3 -lrt -I../_install/include/ -std=c++11  -muclibc -O3 -L/root/_install/lib  -lpthread conftest.c  >&5
cc1: warning: command line option '-std=c++11' is valid for C++/ObjC++ but not for C [enabled by default]
configure:3535: $? = 0
configure:3583: result: yes
configure:3586: checking for C compiler default output file name
configure:3588: result: a.out
configure:3594: checking for suffix of executables
configure:3601: /root/toolchain/bin/mips-linux-gnu-gcc -o conftest -muclibc -O3 -lrt -I../_install/include/  -muclibc -O3 -lrt -I../_install/include/ -std=c++11  -muclibc -O3 -L/root/_install/lib  -lpthread conftest.c  >&5
cc1: warning: command line option '-std=c++11' is valid for C++/ObjC++ but not for C [enabled by default]
configure:3605: $? = 0
configure:3627: result: 
configure:3649: checking whether we are cross compiling
configure:3657: /root/toolchain/bin/mips-linux-gnu-gcc -o conftest -muclibc -O3 -lrt -I../_install/include/  -muclibc -O3 -lrt -I../_install/include/ -std=c++11  -muclibc -O3 -L/root/_install/lib  -lpthread conftest.c  >&5
cc1: warning: command line option '-std=c++11' is valid for C++/ObjC++ but not for C [enabled by default]
configure:3661: $? = 0
configure:3668: ./conftest
./configure: line 3670: ./conftest: cannot execute binary file: Exec format error
configure:3672: $? = 126
configure:3687: result: yes
configure:3692: checking for suffix of object files
configure:3714: /root/toolchain/bin/mips-linux-gnu-gcc -c -muclibc -O3 -lrt -I../_install/include/  -muclibc -O3 -lrt -I../_install/include/ -std=c++11  conftest.c >&5
cc1: warning: command line option '-std=c++11' is valid for C++/ObjC++ but not for C [enabled by default]
configure:3718: $? = 0
configure:3739: result: o
configure:3743: checking whether we are using the GNU C compiler
configure:3762: /root/toolchain/bin/mips-linux-gnu-gcc -c -muclibc -O3 -lrt -I../_install/include/  -muclibc -O3 -lrt -I../_install/include/ -std=c++11  conftest.c >&5
cc1: warning: command line option '-std=c++11' is valid for C++/ObjC++ but not for C [enabled by default]
configure:3762: $? = 0
configure:3771: result: yes
configure:3780: checking whether /root/toolchain/bin/mips-linux-gnu-gcc accepts -g
configure:3800: /root/toolchain/bin/mips-linux-gnu-gcc -c -g -muclibc -O3 -lrt -I../_install/include/ -std=c++11  conftest.c >&5
cc1: warning: command line option '-std=c++11' is valid for C++/ObjC++ but not for C [enabled by default]
configure:3800: $? = 0
configure: failed program was:
| /* confdefs.h */
| #define PACKAGE_NAME "alsa-lib"
| #define PACKAGE_TARNAME "alsa-lib"
| #define PACKAGE_VERSION "1.1.0"
| #define PACKAGE_STRING "alsa-lib 1.1.0"
| #define PACKAGE_BUGREPORT ""
| #define PACKAGE_URL ""
| #define PACKAGE "alsa-lib"
| #define VERSION "1.1.0"
| /* end confdefs.h.  */
| 
| int
| main ()
| {
| 
|   ;
|   return 0;
| }
configure:3815: /root/toolchain/bin/mips-linux-gnu-gcc -c  -muclibc -O3 -lrt -I../_install/include/ -std=c++11  conftest.c >&5
cc1: warning: command line option '-std=c++11' is valid for C++/ObjC++ but not for C [enabled by default]
configure:3815: $? = 0
configure: failed program was:
| /* confdefs.h */
| #define PACKAGE_NAME "alsa-lib"
| #define PACKAGE_TARNAME "alsa-lib"
| #define PACKAGE_VERSION "1.1.0"
| #define PACKAGE_STRING "alsa-lib 1.1.0"
| #define PACKAGE_BUGREPORT ""
| #define PACKAGE_URL ""
| #define PACKAGE "alsa-lib"
| #define VERSION "1.1.0"
| /* end confdefs.h.  */
| 
| int
| main ()
| {
| 
|   ;
|   return 0;
| }
configure:3831: /root/toolchain/bin/mips-linux-gnu-gcc -c -g -muclibc -O3 -lrt -I../_install/include/ -std=c++11  conftest.c >&5
cc1: warning: command line option '-std=c++11' is valid for C++/ObjC++ but not for C [enabled by default]
configure:3831: $? = 0
configure:3841: result: yes
configure:3858: checking for /root/toolchain/bin/mips-linux-gnu-gcc option to accept ISO C89
configure:3921: /root/toolchain/bin/mips-linux-gnu-gcc  -c -muclibc -O3 -lrt -I../_install/include/  -muclibc -O3 -lrt -I../_install/include/ -std=c++11  conftest.c >&5
cc1: warning: command line option '-std=c++11' is valid for C++/ObjC++ but not for C [enabled by default]
configure:3921: $? = 0
configure:3934: result: none needed
configure:3959: checking whether /root/toolchain/bin/mips-linux-gnu-gcc understands -c and -o together
configure:3981: /root/toolchain/bin/mips-linux-gnu-gcc -c conftest.c -o conftest2.o
configure:3984: $? = 0
configure:3981: /root/toolchain/bin/mips-linux-gnu-gcc -c conftest.c -o conftest2.o
configure:3984: $? = 0
configure:3996: result: yes
configure:4024: checking for style of include used by make
configure:4052: result: GNU
configure:4078: checking dependency style of /root/toolchain/bin/mips-linux-gnu-gcc
configure:4189: result: none
configure:4209: checking how to run the C preprocessor
configure:4279: result: /root/toolchain/bin/mips-linux-gnu-cpp
configure:4299: /root/toolchain/bin/mips-linux-gnu-cpp -muclibc -O3 -lrt -I../_install/include/ -std=c++11  conftest.c
cc1: warning: command line option '-std=c++11' is valid for C++/ObjC++ but not for C [enabled by default]
configure:4299: $? = 0
configure:4313: /root/toolchain/bin/mips-linux-gnu-cpp -muclibc -O3 -lrt -I../_install/include/ -std=c++11  conftest.c
cc1: warning: command line option '-std=c++11' is valid for C++/ObjC++ but not for C [enabled by default]
conftest.c:11:28: fatal error: ac_nonexistent.h: No such file or directory
compilation terminated.
configure:4313: $? = 1
configure: failed program was:
| /* confdefs.h */
| #define PACKAGE_NAME "alsa-lib"
| #define PACKAGE_TARNAME "alsa-lib"
| #define PACKAGE_VERSION "1.1.0"
| #define PACKAGE_STRING "alsa-lib 1.1.0"
| #define PACKAGE_BUGREPORT ""
| #define PACKAGE_URL ""
| #define PACKAGE "alsa-lib"
| #define VERSION "1.1.0"
| /* end confdefs.h.  */
| #include <ac_nonexistent.h>
configure:4343: checking for grep that handles long lines and -e
configure:4401: result: /bin/grep
configure:4406: checking for egrep
configure:4468: result: /bin/grep -E
configure:4473: checking for ANSI C header files
configure:4493: /root/toolchain/bin/mips-linux-gnu-gcc -c -muclibc -O3 -lrt -I../_install/include/  -muclibc -O3 -lrt -I../_install/include/ -std=c++11  conftest.c >&5
cc1: warning: command line option '-std=c++11' is valid for C++/ObjC++ but not for C [enabled by default]
configure:4493: $? = 0
cc1: warning: command line option '-std=c++11' is valid for C++/ObjC++ but not for C [enabled by default]
cc1: warning: command line option '-std=c++11' is valid for C++/ObjC++ but not for C [enabled by default]
configure:4577: result: yes
configure:4590: checking for sys/types.h
configure:4590: /root/toolchain/bin/mips-linux-gnu-gcc -c -muclibc -O3 -lrt -I../_install/include/  -muclibc -O3 -lrt -I../_install/include/ -std=c++11  conftest.c >&5
cc1: warning: command line option '-std=c++11' is valid for C++/ObjC++ but not for C [enabled by default]
configure:4590: $? = 0
configure:4590: result: yes
configure:4590: checking for sys/stat.h
configure:4590: /root/toolchain/bin/mips-linux-gnu-gcc -c -muclibc -O3 -lrt -I../_install/include/  -muclibc -O3 -lrt -I../_install/include/ -std=c++11  conftest.c >&5
cc1: warning: command line option '-std=c++11' is valid for C++/ObjC++ but not for C [enabled by default]
configure:4590: $? = 0
configure:4590: result: yes
configure:4590: checking for stdlib.h
configure:4590: /root/toolchain/bin/mips-linux-gnu-gcc -c -muclibc -O3 -lrt -I../_install/include/  -muclibc -O3 -lrt -I../_install/include/ -std=c++11  conftest.c >&5
cc1: warning: command line option '-std=c++11' is valid for C++/ObjC++ but not for C [enabled by default]
configure:4590: $? = 0
configure:4590: result: yes
configure:4590: checking for string.h
configure:4590: /root/toolchain/bin/mips-linux-gnu-gcc -c -muclibc -O3 -lrt -I../_install/include/  -muclibc -O3 -lrt -I../_install/include/ -std=c++11  conftest.c >&5
cc1: warning: command line option '-std=c++11' is valid for C++/ObjC++ but not for C [enabled by default]
configure:4590: $? = 0
configure:4590: result: yes
configure:4590: checking for memory.h
configure:4590: /root/toolchain/bin/mips-linux-gnu-gcc -c -muclibc -O3 -lrt -I../_install/include/  -muclibc -O3 -lrt -I../_install/include/ -std=c++11  conftest.c >&5
cc1: warning: command line option '-std=c++11' is valid for C++/ObjC++ but not for C [enabled by default]
configure:4590: $? = 0
configure:4590: result: yes
configure:4590: checking for strings.h
configure:4590: /root/toolchain/bin/mips-linux-gnu-gcc -c -muclibc -O3 -lrt -I../_install/include/  -muclibc -O3 -lrt -I../_install/include/ -std=c++11  conftest.c >&5
cc1: warning: command line option '-std=c++11' is valid for C++/ObjC++ but not for C [enabled by default]
configure:4590: $? = 0
configure:4590: result: yes
configure:4590: checking for inttypes.h
configure:4590: /root/toolchain/bin/mips-linux-gnu-gcc -c -muclibc -O3 -lrt -I../_install/include/  -muclibc -O3 -lrt -I../_install/include/ -std=c++11  conftest.c >&5
cc1: warning: command line option '-std=c++11' is valid for C++/ObjC++ but not for C [enabled by default]
configure:4590: $? = 0
configure:4590: result: yes
configure:4590: checking for stdint.h
configure:4590: /root/toolchain/bin/mips-linux-gnu-gcc -c -muclibc -O3 -lrt -I../_install/include/  -muclibc -O3 -lrt -I../_install/include/ -std=c++11  conftest.c >&5
cc1: warning: command line option '-std=c++11' is valid for C++/ObjC++ but not for C [enabled by default]
configure:4590: $? = 0
configure:4590: result: yes
configure:4590: checking for unistd.h
configure:4590: /root/toolchain/bin/mips-linux-gnu-gcc -c -muclibc -O3 -lrt -I../_install/include/  -muclibc -O3 -lrt -I../_install/include/ -std=c++11  conftest.c >&5
cc1: warning: command line option '-std=c++11' is valid for C++/ObjC++ but not for C [enabled by default]
configure:4590: $? = 0
configure:4590: result: yes
configure:4603: checking minix/config.h usability
configure:4603: /root/toolchain/bin/mips-linux-gnu-gcc -c -muclibc -O3 -lrt -I../_install/include/  -muclibc -O3 -lrt -I../_install/include/ -std=c++11  conftest.c >&5
cc1: warning: command line option '-std=c++11' is valid for C++/ObjC++ but not for C [enabled by default]
conftest.c:54:26: fatal error: minix/config.h: No such file or directory
compilation terminated.
configure:4603: $? = 1
configure: failed program was:
| /* confdefs.h */
| #define PACKAGE_NAME "alsa-lib"
| #define PACKAGE_TARNAME "alsa-lib"
| #define PACKAGE_VERSION "1.1.0"
| #define PACKAGE_STRING "alsa-lib 1.1.0"
| #define PACKAGE_BUGREPORT ""
| #define PACKAGE_URL ""
| #define PACKAGE "alsa-lib"
| #define VERSION "1.1.0"
| #define STDC_HEADERS 1
| #define HAVE_SYS_TYPES_H 1
| #define HAVE_SYS_STAT_H 1
| #define HAVE_STDLIB_H 1
| #define HAVE_STRING_H 1
| #define HAVE_MEMORY_H 1
| #define HAVE_STRINGS_H 1
| #define HAVE_INTTYPES_H 1
| #define HAVE_STDINT_H 1
| #define HAVE_UNISTD_H 1
| /* end confdefs.h.  */
| #include <stdio.h>
| #ifdef HAVE_SYS_TYPES_H
| # include <sys/types.h>
| #endif
| #ifdef HAVE_SYS_STAT_H
| # include <sys/stat.h>
| #endif
| #ifdef STDC_HEADERS
| # include <stdlib.h>
| # include <stddef.h>
| #else
| # ifdef HAVE_STDLIB_H
| #  include <stdlib.h>
| # endif
| #endif
| #ifdef HAVE_STRING_H
| # if !defined STDC_HEADERS && defined HAVE_MEMORY_H
| #  include <memory.h>
| # endif
| # include <string.h>
| #endif
| #ifdef HAVE_STRINGS_H
| # include <strings.h>
| #endif
| #ifdef HAVE_INTTYPES_H
| # include <inttypes.h>
| #endif
| #ifdef HAVE_STDINT_H
| # include <stdint.h>
| #endif
| #ifdef HAVE_UNISTD_H
| # include <unistd.h>
| #endif
| #include <minix/config.h>
configure:4603: result: no
configure:4603: checking minix/config.h presence
configure:4603: /root/toolchain/bin/mips-linux-gnu-cpp -muclibc -O3 -lrt -I../_install/include/ -std=c++11  conftest.c
cc1: warning: command line option '-std=c++11' is valid for C++/ObjC++ but not for C [enabled by default]
conftest.c:21:26: fatal error: minix/config.h: No such file or directory
compilation terminated.
configure:4603: $? = 1
configure: failed program was:
| /* confdefs.h */
| #define PACKAGE_NAME "alsa-lib"
| #define PACKAGE_TARNAME "alsa-lib"
| #define PACKAGE_VERSION "1.1.0"
| #define PACKAGE_STRING "alsa-lib 1.1.0"
| #define PACKAGE_BUGREPORT ""
| #define PACKAGE_URL ""
| #define PACKAGE "alsa-lib"
| #define VERSION "1.1.0"
| #define STDC_HEADERS 1
| #define HAVE_SYS_TYPES_H 1
| #define HAVE_SYS_STAT_H 1
| #define HAVE_STDLIB_H 1
| #define HAVE_STRING_H 1
| #define HAVE_MEMORY_H 1
| #define HAVE_STRINGS_H 1
| #define HAVE_INTTYPES_H 1
| #define HAVE_STDINT_H 1
| #define HAVE_UNISTD_H 1
| /* end confdefs.h.  */
| #include <minix/config.h>
configure:4603: result: no
configure:4603: checking for minix/config.h
configure:4603: result: no
configure:4624: checking whether it is safe to define __EXTENSIONS__
configure:4642: /root/toolchain/bin/mips-linux-gnu-gcc -c -muclibc -O3 -lrt -I../_install/include/  -muclibc -O3 -lrt -I../_install/include/ -std=c++11  conftest.c >&5
cc1: warning: command line option '-std=c++11' is valid for C++/ObjC++ but not for C [enabled by default]
configure:4642: $? = 0
configure:4649: result: yes
configure:4664: checking whether ln -s works
configure:4668: result: yes
configure:4756: checking how to print strings
configure:4783: result: printf
configure:4804: checking for a sed that does not truncate output
configure:4868: result: /bin/sed
configure:4886: checking for fgrep
configure:4948: result: /bin/grep -F
configure:4983: checking for ld used by /root/toolchain/bin/mips-linux-gnu-gcc
configure:5050: result: /root/toolchain/bin/mips-linux-gnu-ld
configure:5057: checking if the linker (/root/toolchain/bin/mips-linux-gnu-ld) is GNU ld
configure:5072: result: yes
configure:5084: checking for BSD- or MS-compatible name lister (nm)
configure:5138: result: /usr/bin/mips-linux-gnu-nm -B
configure:5268: checking the name lister (/usr/bin/mips-linux-gnu-nm -B) interface
configure:5275: /root/toolchain/bin/mips-linux-gnu-gcc -c -muclibc -O3 -lrt -I../_install/include/  -muclibc -O3 -lrt -I../_install/include/ -std=c++11  conftest.c >&5
cc1: warning: command line option '-std=c++11' is valid for C++/ObjC++ but not for C [enabled by default]
configure:5278: /usr/bin/mips-linux-gnu-nm -B "conftest.o"
configure:5281: output
00000000 B some_variable
configure:5288: result: BSD nm
configure:5292: checking the maximum length of command line arguments
configure:5423: result: 1572864
configure:5471: checking how to convert x86_64-unknown-linux-gnu file names to mips-unknown-linux-gnu format
configure:5511: result: func_convert_file_noop
configure:5518: checking how to convert x86_64-unknown-linux-gnu file names to toolchain format
configure:5538: result: func_convert_file_noop
configure:5545: checking for /root/toolchain/bin/mips-linux-gnu-ld option to reload object files
configure:5552: result: -r
configure:5586: checking for mips-linux-gnu-objdump
configure:5602: found /usr/bin/mips-linux-gnu-objdump
configure:5613: result: mips-linux-gnu-objdump
configure:5685: checking how to recognize dependent libraries
configure:5885: result: pass_all
configure:5930: checking for mips-linux-gnu-dlltool
configure:5960: result: no
configure:5970: checking for dlltool
configure:6000: result: no
configure:6030: checking how to associate runtime and link libraries
configure:6057: result: printf %s\n
configure:6073: checking for mips-linux-gnu-ar
configure:6100: result: /root/toolchain/bin/mips-linux-gnu-ar
configure:6181: checking for archiver @FILE support
configure:6198: /root/toolchain/bin/mips-linux-gnu-gcc -c -muclibc -O3 -lrt -I../_install/include/  -muclibc -O3 -lrt -I../_install/include/ -std=c++11  conftest.c >&5
cc1: warning: command line option '-std=c++11' is valid for C++/ObjC++ but not for C [enabled by default]
configure:6198: $? = 0
configure:6201: /root/toolchain/bin/mips-linux-gnu-ar cru libconftest.a @conftest.lst >&5
configure:6204: $? = 0
configure:6209: /root/toolchain/bin/mips-linux-gnu-ar cru libconftest.a @conftest.lst >&5
/root/toolchain/bin/mips-linux-gnu-ar: conftest.o: No such file or directory
configure:6212: $? = 1
configure:6224: result: @
configure:6242: checking for mips-linux-gnu-strip
configure:6269: result: /root/toolchain/bin/mips-linux-gnu-strip
configure:6341: checking for mips-linux-gnu-ranlib
configure:6357: found /usr/bin/mips-linux-gnu-ranlib
configure:6368: result: mips-linux-gnu-ranlib
configure:6510: checking command to parse /usr/bin/mips-linux-gnu-nm -B output from /root/toolchain/bin/mips-linux-gnu-gcc object
configure:6663: /root/toolchain/bin/mips-linux-gnu-gcc -c -muclibc -O3 -lrt -I../_install/include/  -muclibc -O3 -lrt -I../_install/include/ -std=c++11  conftest.c >&5
cc1: warning: command line option '-std=c++11' is valid for C++/ObjC++ but not for C [enabled by default]
configure:6666: $? = 0
configure:6670: /usr/bin/mips-linux-gnu-nm -B conftest.o \| sed -n -e 's/^.*[ ]\([ABCDGIRSTW][ABCDGIRSTW]*\)[ ][ ]*\([_A-Za-z][_A-Za-z0-9]*\)$/\1 \2 \2/p' | sed '/ __gnu_lto/d' \> conftest.nm
configure:6673: $? = 0
configure:6739: /root/toolchain/bin/mips-linux-gnu-gcc -o conftest -muclibc -O3 -lrt -I../_install/include/  -muclibc -O3 -lrt -I../_install/include/ -std=c++11  -muclibc -O3 -L/root/_install/lib  -lpthread conftest.c conftstm.o >&5
cc1: warning: command line option '-std=c++11' is valid for C++/ObjC++ but not for C [enabled by default]
configure:6742: $? = 0
configure:6780: result: ok
configure:6827: checking for sysroot
configure:6857: result: no
configure:6864: checking for a working dd
configure:6902: result: /bin/dd
configure:6906: checking how to truncate binary pipes
configure:6921: result: /bin/dd bs=4096 count=1
configure:7210: checking for mips-linux-gnu-mt
configure:7240: result: no
configure:7250: checking for mt
configure:7280: result: no
configure:7300: checking if : is a manifest tool
configure:7306: : '-?'
configure:7314: result: no
configure:7988: checking for dlfcn.h
configure:7988: /root/toolchain/bin/mips-linux-gnu-gcc -c -muclibc -O3 -lrt -I../_install/include/  -muclibc -O3 -lrt -I../_install/include/ -std=c++11  conftest.c >&5
cc1: warning: command line option '-std=c++11' is valid for C++/ObjC++ but not for C [enabled by default]
configure:7988: $? = 0
configure:7988: result: yes
configure:8212: checking for objdir
configure:8227: result: .libs
configure:8491: checking if /root/toolchain/bin/mips-linux-gnu-gcc supports -fno-rtti -fno-exceptions
configure:8509: /root/toolchain/bin/mips-linux-gnu-gcc -c -muclibc -O3 -lrt -I../_install/include/  -muclibc -O3 -lrt -I../_install/include/ -std=c++11  -fno-rtti -fno-exceptions conftest.c >&5
cc1: warning: command line option '-std=c++11' is valid for C++/ObjC++ but not for C [enabled by default]
cc1: warning: command line option '-fno-rtti' is valid for C++/ObjC++ but not for C [enabled by default]
configure:8513: $? = 0
configure:8526: result: no
configure:8884: checking for /root/toolchain/bin/mips-linux-gnu-gcc option to produce PIC
configure:8891: result: -fPIC -DPIC
configure:8899: checking if /root/toolchain/bin/mips-linux-gnu-gcc PIC flag -fPIC -DPIC works
configure:8917: /root/toolchain/bin/mips-linux-gnu-gcc -c -muclibc -O3 -lrt -I../_install/include/  -muclibc -O3 -lrt -I../_install/include/ -std=c++11  -fPIC -DPIC -DPIC conftest.c >&5
cc1: warning: command line option '-std=c++11' is valid for C++/ObjC++ but not for C [enabled by default]
configure:8921: $? = 0
configure:8934: result: yes
configure:8963: checking if /root/toolchain/bin/mips-linux-gnu-gcc static flag -static works
cc1: warning: command line option '-std=c++11' is valid for C++/ObjC++ but not for C [enabled by default]
configure:8991: result: yes
configure:9006: checking if /root/toolchain/bin/mips-linux-gnu-gcc supports -c -o file.o
configure:9027: /root/toolchain/bin/mips-linux-gnu-gcc -c -muclibc -O3 -lrt -I../_install/include/  -muclibc -O3 -lrt -I../_install/include/ -std=c++11  -o out/conftest2.o conftest.c >&5
cc1: warning: command line option '-std=c++11' is valid for C++/ObjC++ but not for C [enabled by default]
configure:9031: $? = 0
configure:9053: result: yes
configure:9061: checking if /root/toolchain/bin/mips-linux-gnu-gcc supports -c -o file.o
configure:9108: result: yes
configure:9141: checking whether the /root/toolchain/bin/mips-linux-gnu-gcc linker (/root/toolchain/bin/mips-linux-gnu-ld) supports shared libraries
configure:10400: result: yes
configure:10437: checking whether -lc should be explicitly linked in
configure:10445: /root/toolchain/bin/mips-linux-gnu-gcc -c -muclibc -O3 -lrt -I../_install/include/  -muclibc -O3 -lrt -I../_install/include/ -std=c++11  conftest.c >&5
cc1: warning: command line option '-std=c++11' is valid for C++/ObjC++ but not for C [enabled by default]
configure:10448: $? = 0
configure:10463: /root/toolchain/bin/mips-linux-gnu-gcc -shared  -fPIC -DPIC conftest.o  -v -Wl,-soname -Wl,conftest -o conftest 2\>\&1 \| /bin/grep  -lc  \>/dev/null 2\>\&1
configure:10466: $? = 0
configure:10480: result: no
configure:10640: checking dynamic linker characteristics
configure:11221: /root/toolchain/bin/mips-linux-gnu-gcc -o conftest -muclibc -O3 -lrt -I../_install/include/  -muclibc -O3 -lrt -I../_install/include/ -std=c++11  -muclibc -O3 -L/root/_install/lib  -lpthread -Wl,-rpath -Wl,/foo conftest.c  >&5
cc1: warning: command line option '-std=c++11' is valid for C++/ObjC++ but not for C [enabled by default]
configure:11221: $? = 0
configure:11458: result: GNU/Linux ld.so
configure:11580: checking how to hardcode library paths into programs
configure:11605: result: immediate
configure:11707: checking for shl_load
configure:11707: /root/toolchain/bin/mips-linux-gnu-gcc -o conftest -muclibc -O3 -lrt -I../_install/include/  -muclibc -O3 -lrt -I../_install/include/ -std=c++11  -muclibc -O3 -L/root/_install/lib  -lpthread conftest.c  >&5
cc1: warning: command line option '-std=c++11' is valid for C++/ObjC++ but not for C [enabled by default]
/tmp/ccncSdp7.o: In function `main':
conftest.c:(.text.startup+0x8): undefined reference to `shl_load'
collect2: error: ld returned 1 exit status
configure:11707: $? = 1
configure: failed program was:
| /* confdefs.h */
| #define PACKAGE_NAME "alsa-lib"
| #define PACKAGE_TARNAME "alsa-lib"
| #define PACKAGE_VERSION "1.1.0"
| #define PACKAGE_STRING "alsa-lib 1.1.0"
| #define PACKAGE_BUGREPORT ""
| #define PACKAGE_URL ""
| #define PACKAGE "alsa-lib"
| #define VERSION "1.1.0"
| #define STDC_HEADERS 1
| #define HAVE_SYS_TYPES_H 1
| #define HAVE_SYS_STAT_H 1
| #define HAVE_STDLIB_H 1
| #define HAVE_STRING_H 1
| #define HAVE_MEMORY_H 1
| #define HAVE_STRINGS_H 1
| #define HAVE_INTTYPES_H 1
| #define HAVE_STDINT_H 1
| #define HAVE_UNISTD_H 1
| #define __EXTENSIONS__ 1
| #define _ALL_SOURCE 1
| #define _GNU_SOURCE 1
| #define _POSIX_PTHREAD_SEMANTICS 1
| #define _TANDEM_SOURCE 1
| #define HAVE_DLFCN_H 1
| #define LT_OBJDIR ".libs/"
| /* end confdefs.h.  */
| /* Define shl_load to an innocuous variant, in case <limits.h> declares shl_load.
|    For example, HP-UX 11i <limits.h> declares gettimeofday.  */
| #define shl_load innocuous_shl_load
| 
| /* System header to define __stub macros and hopefully few prototypes,
|     which can conflict with char shl_load (); below.
|     Prefer <limits.h> to <assert.h> if __STDC__ is defined, since
|     <limits.h> exists even on freestanding compilers.  */
| 
| #ifdef __STDC__
| # include <limits.h>
| #else
| # include <assert.h>
| #endif
| 
| #undef shl_load
| 
| /* Override any GCC internal prototype to avoid an error.
|    Use char because int might match the return type of a GCC
|    builtin and then its argument prototype would still apply.  */
| #ifdef __cplusplus
| extern "C"
| #endif
| char shl_load ();
| /* The GNU C library defines this for functions which it implements
|     to always fail with ENOSYS.  Some functions are actually named
|     something starting with __ and the normal name is an alias.  */
| #if defined __stub_shl_load || defined __stub___shl_load
| choke me
| #endif
| 
| int
| main ()
| {
| return shl_load ();
|   ;
|   return 0;
| }
configure:11707: result: no
configure:11711: checking for shl_load in -ldld
configure:11736: /root/toolchain/bin/mips-linux-gnu-gcc -o conftest -muclibc -O3 -lrt -I../_install/include/  -muclibc -O3 -lrt -I../_install/include/ -std=c++11  -muclibc -O3 -L/root/_install/lib  -lpthread conftest.c -ldld   >&5
cc1: warning: command line option '-std=c++11' is valid for C++/ObjC++ but not for C [enabled by default]
/root/toolchain/bin/../lib/gcc/mips-linux-gnu/4.7.2/../../../../mips-linux-gnu/bin/ld: cannot find -ldld
collect2: error: ld returned 1 exit status
configure:11736: $? = 1
configure: failed program was:
| /* confdefs.h */
| #define PACKAGE_NAME "alsa-lib"
| #define PACKAGE_TARNAME "alsa-lib"
| #define PACKAGE_VERSION "1.1.0"
| #define PACKAGE_STRING "alsa-lib 1.1.0"
| #define PACKAGE_BUGREPORT ""
| #define PACKAGE_URL ""
| #define PACKAGE "alsa-lib"
| #define VERSION "1.1.0"
| #define STDC_HEADERS 1
| #define HAVE_SYS_TYPES_H 1
| #define HAVE_SYS_STAT_H 1
| #define HAVE_STDLIB_H 1
| #define HAVE_STRING_H 1
| #define HAVE_MEMORY_H 1
| #define HAVE_STRINGS_H 1
| #define HAVE_INTTYPES_H 1
| #define HAVE_STDINT_H 1
| #define HAVE_UNISTD_H 1
| #define __EXTENSIONS__ 1
| #define _ALL_SOURCE 1
| #define _GNU_SOURCE 1
| #define _POSIX_PTHREAD_SEMANTICS 1
| #define _TANDEM_SOURCE 1
| #define HAVE_DLFCN_H 1
| #define LT_OBJDIR ".libs/"
| /* end confdefs.h.  */
| 
| /* Override any GCC internal prototype to avoid an error.
|    Use char because int might match the return type of a GCC
|    builtin and then its argument prototype would still apply.  */
| #ifdef __cplusplus
| extern "C"
| #endif
| char shl_load ();
| int
| main ()
| {
| return shl_load ();
|   ;
|   return 0;
| }
configure:11745: result: no
configure:11750: checking for dlopen
configure:11750: /root/toolchain/bin/mips-linux-gnu-gcc -o conftest -muclibc -O3 -lrt -I../_install/include/  -muclibc -O3 -lrt -I../_install/include/ -std=c++11  -muclibc -O3 -L/root/_install/lib  -lpthread conftest.c  >&5
cc1: warning: command line option '-std=c++11' is valid for C++/ObjC++ but not for C [enabled by default]
/root/toolchain/bin/../lib/gcc/mips-linux-gnu/4.7.2/../../../../mips-linux-gnu/bin/ld: /root/toolchain/bin/../mips-linux-gnu/libc/uclibc/usr/lib/librt.so: undefined reference to symbol 'dlopen'
/root/toolchain/bin/../mips-linux-gnu/libc/uclibc/lib/libdl.so.0: error adding symbols: DSO missing from command line
collect2: error: ld returned 1 exit status
configure:11750: $? = 1
configure: failed program was:
| /* confdefs.h */
| #define PACKAGE_NAME "alsa-lib"
| #define PACKAGE_TARNAME "alsa-lib"
| #define PACKAGE_VERSION "1.1.0"
| #define PACKAGE_STRING "alsa-lib 1.1.0"
| #define PACKAGE_BUGREPORT ""
| #define PACKAGE_URL ""
| #define PACKAGE "alsa-lib"
| #define VERSION "1.1.0"
| #define STDC_HEADERS 1
| #define HAVE_SYS_TYPES_H 1
| #define HAVE_SYS_STAT_H 1
| #define HAVE_STDLIB_H 1
| #define HAVE_STRING_H 1
| #define HAVE_MEMORY_H 1
| #define HAVE_STRINGS_H 1
| #define HAVE_INTTYPES_H 1
| #define HAVE_STDINT_H 1
| #define HAVE_UNISTD_H 1
| #define __EXTENSIONS__ 1
| #define _ALL_SOURCE 1
| #define _GNU_SOURCE 1
| #define _POSIX_PTHREAD_SEMANTICS 1
| #define _TANDEM_SOURCE 1
| #define HAVE_DLFCN_H 1
| #define LT_OBJDIR ".libs/"
| /* end confdefs.h.  */
| /* Define dlopen to an innocuous variant, in case <limits.h> declares dlopen.
|    For example, HP-UX 11i <limits.h> declares gettimeofday.  */
| #define dlopen innocuous_dlopen
| 
| /* System header to define __stub macros and hopefully few prototypes,
|     which can conflict with char dlopen (); below.
|     Prefer <limits.h> to <assert.h> if __STDC__ is defined, since
|     <limits.h> exists even on freestanding compilers.  */
| 
| #ifdef __STDC__
| # include <limits.h>
| #else
| # include <assert.h>
| #endif
| 
| #undef dlopen
| 
| /* Override any GCC internal prototype to avoid an error.
|    Use char because int might match the return type of a GCC
|    builtin and then its argument prototype would still apply.  */
| #ifdef __cplusplus
| extern "C"
| #endif
| char dlopen ();
| /* The GNU C library defines this for functions which it implements
|     to always fail with ENOSYS.  Some functions are actually named
|     something starting with __ and the normal name is an alias.  */
| #if defined __stub_dlopen || defined __stub___dlopen
| choke me
| #endif
| 
| int
| main ()
| {
| return dlopen ();
|   ;
|   return 0;
| }
configure:11750: result: no
configure:11754: checking for dlopen in -ldl
configure:11779: /root/toolchain/bin/mips-linux-gnu-gcc -o conftest -muclibc -O3 -lrt -I../_install/include/  -muclibc -O3 -lrt -I../_install/include/ -std=c++11  -muclibc -O3 -L/root/_install/lib  -lpthread conftest.c -ldl   >&5
cc1: warning: command line option '-std=c++11' is valid for C++/ObjC++ but not for C [enabled by default]
configure:11779: $? = 0
configure:11788: result: yes
configure:11907: checking whether a program can dlopen itself
configure:12008: result: cross
configure:12153: checking whether stripping libraries is possible
configure:12158: result: yes
configure:12193: checking if libtool supports shared libraries
configure:12195: result: yes
configure:12198: checking whether to build shared libraries
configure:12223: result: yes
configure:12226: checking whether to build static libraries
configure:12230: result: no
configure:12276: checking if /root/toolchain/bin/mips-linux-gnu-gcc supports -Wl,--no-undefined flag
configure:12287: /root/toolchain/bin/mips-linux-gnu-gcc -o conftest -muclibc -O3 -lrt -I../_install/include/  -muclibc -O3 -lrt -I../_install/include/ -std=c++11  -muclibc -O3 -L/root/_install/lib  -lpthread -Wl,--no-undefined conftest.c  >&5
cc1: warning: command line option '-std=c++11' is valid for C++/ObjC++ but not for C [enabled by default]
configure:12287: $? = 0
configure:12298: result: yes
configure:12313: checking for ANSI C header files
configure:12417: result: yes
configure:12428: checking for an ANSI C-conforming const
configure:12494: /root/toolchain/bin/mips-linux-gnu-gcc -c -muclibc -O3 -lrt -I../_install/include/  -muclibc -O3 -lrt -I../_install/include/ -std=c++11  conftest.c >&5
cc1: warning: command line option '-std=c++11' is valid for C++/ObjC++ but not for C [enabled by default]
configure:12494: $? = 0
configure:12501: result: yes
configure:12509: checking for inline
configure:12525: /root/toolchain/bin/mips-linux-gnu-gcc -c -muclibc -O3 -lrt -I../_install/include/  -muclibc -O3 -lrt -I../_install/include/ -std=c++11  conftest.c >&5
cc1: warning: command line option '-std=c++11' is valid for C++/ObjC++ but not for C [enabled by default]
configure:12525: $? = 0
configure:12533: result: inline
configure:12551: checking whether time.h and sys/time.h may both be included
configure:12571: /root/toolchain/bin/mips-linux-gnu-gcc -c -muclibc -O3 -lrt -I../_install/include/  -muclibc -O3 -lrt -I../_install/include/ -std=c++11  conftest.c >&5
cc1: warning: command line option '-std=c++11' is valid for C++/ObjC++ but not for C [enabled by default]
configure:12571: $? = 0
configure:12578: result: yes
configure:12588: checking whether /root/toolchain/bin/mips-linux-gnu-gcc needs -traditional
cc1: warning: command line option '-std=c++11' is valid for C++/ObjC++ but not for C [enabled by default]
In file included from conftest.c:30:0:
/root/toolchain/bin/../mips-linux-gnu/libc/uclibc/usr/include/sgtty.h:22:2: warning: #warning useless header on uClibc [-Wcpp]
cc1: warning: command line option '-std=c++11' is valid for C++/ObjC++ but not for C [enabled by default]
configure:12622: result: no
configure:12631: checking for uselocale
configure:12631: /root/toolchain/bin/mips-linux-gnu-gcc -o conftest -muclibc -O3 -lrt -I../_install/include/  -muclibc -O3 -lrt -I../_install/include/ -std=c++11  -muclibc -O3 -L/root/_install/lib  -lpthread conftest.c  >&5
cc1: warning: command line option '-std=c++11' is valid for C++/ObjC++ but not for C [enabled by default]
/tmp/cc9oJ8ip.o: In function `main':
conftest.c:(.text.startup+0x8): undefined reference to `uselocale'
collect2: error: ld returned 1 exit status
configure:12631: $? = 1
configure: failed program was:
| /* confdefs.h */
| #define PACKAGE_NAME "alsa-lib"
| #define PACKAGE_TARNAME "alsa-lib"
| #define PACKAGE_VERSION "1.1.0"
| #define PACKAGE_STRING "alsa-lib 1.1.0"
| #define PACKAGE_BUGREPORT ""
| #define PACKAGE_URL ""
| #define PACKAGE "alsa-lib"
| #define VERSION "1.1.0"
| #define STDC_HEADERS 1
| #define HAVE_SYS_TYPES_H 1
| #define HAVE_SYS_STAT_H 1
| #define HAVE_STDLIB_H 1
| #define HAVE_STRING_H 1
| #define HAVE_MEMORY_H 1
| #define HAVE_STRINGS_H 1
| #define HAVE_INTTYPES_H 1
| #define HAVE_STDINT_H 1
| #define HAVE_UNISTD_H 1
| #define __EXTENSIONS__ 1
| #define _ALL_SOURCE 1
| #define _GNU_SOURCE 1
| #define _POSIX_PTHREAD_SEMANTICS 1
| #define _TANDEM_SOURCE 1
| #define HAVE_DLFCN_H 1
| #define LT_OBJDIR ".libs/"
| #define STDC_HEADERS 1
| #define TIME_WITH_SYS_TIME 1
| /* end confdefs.h.  */
| /* Define uselocale to an innocuous variant, in case <limits.h> declares uselocale.
|    For example, HP-UX 11i <limits.h> declares gettimeofday.  */
| #define uselocale innocuous_uselocale
| 
| /* System header to define __stub macros and hopefully few prototypes,
|     which can conflict with char uselocale (); below.
|     Prefer <limits.h> to <assert.h> if __STDC__ is defined, since
|     <limits.h> exists even on freestanding compilers.  */
| 
| #ifdef __STDC__
| # include <limits.h>
| #else
| # include <assert.h>
| #endif
| 
| #undef uselocale
| 
| /* Override any GCC internal prototype to avoid an error.
|    Use char because int might match the return type of a GCC
|    builtin and then its argument prototype would still apply.  */
| #ifdef __cplusplus
| extern "C"
| #endif
| char uselocale ();
| /* The GNU C library defines this for functions which it implements
|     to always fail with ENOSYS.  Some functions are actually named
|     something starting with __ and the normal name is an alias.  */
| #if defined __stub_uselocale || defined __stub___uselocale
| choke me
| #endif
| 
| int
| main ()
| {
| return uselocale ();
|   ;
|   return 0;
| }
configure:12631: result: no
configure:12641: checking for fork
configure:12641: /root/toolchain/bin/mips-linux-gnu-gcc -o conftest -muclibc -O3 -lrt -I../_install/include/  -muclibc -O3 -lrt -I../_install/include/ -std=c++11  -muclibc -O3 -L/root/_install/lib  -lpthread conftest.c  >&5
cc1: warning: command line option '-std=c++11' is valid for C++/ObjC++ but not for C [enabled by default]
conftest.c:53:6: warning: conflicting types for built-in function 'fork' [enabled by default]
configure:12641: $? = 0
configure:12641: result: yes
configure:12648: checking for library version
configure:12673: result: major 1 minor 1 subminor 0 extrastr  extraver 1000000
configure:12764: checking for versioned symbols
configure:12798: result: no
configure:12810: checking for symbolic-functions
configure:12829: result: no
configure:12841: checking for custom symbol prefixes
configure:12854: result: 
configure:12857: checking for debug
configure:12868: result: yes
configure:12879: checking for debug assert
configure:12895: result: no
configure:12900: checking for tmpdir
configure:12910: result: /tmp
configure:12918: checking for softfloat
configure:12936: result: no
configure:12945: checking for libdl
configure:12957: checking for dlsym in -ldl
configure:12982: /root/toolchain/bin/mips-linux-gnu-gcc -o conftest -muclibc -O3 -lrt -I../_install/include/  -muclibc -O3 -lrt -I../_install/include/ -std=c++11  -muclibc -O3 -L/root/_install/lib  -lpthread conftest.c -ldl   >&5
cc1: warning: command line option '-std=c++11' is valid for C++/ObjC++ but not for C [enabled by default]
configure:12982: $? = 0
configure:12991: result: yes
configure:13016: checking for pthread
configure:13027: checking for pthread_join in -lpthread
configure:13052: /root/toolchain/bin/mips-linux-gnu-gcc -o conftest -muclibc -O3 -lrt -I../_install/include/  -muclibc -O3 -lrt -I../_install/include/ -std=c++11  -muclibc -O3 -L/root/_install/lib  -lpthread conftest.c -lpthread   >&5
cc1: warning: command line option '-std=c++11' is valid for C++/ObjC++ but not for C [enabled by default]
configure:13052: $? = 0
configure:13061: result: yes
configure:13078: checking for __thread
configure:13093: /root/toolchain/bin/mips-linux-gnu-gcc -o conftest -muclibc -O3 -lrt -I../_install/include/  -muclibc -O3 -lrt -I../_install/include/ -std=c++11  -muclibc -O3 -L/root/_install/lib  -lpthread conftest.c  >&5
cc1: warning: command line option '-std=c++11' is valid for C++/ObjC++ but not for C [enabled by default]
configure:13093: $? = 0
configure:13097: result: yes
configure:13106: checking for librt
configure:13117: checking for clock_gettime in -lrt
configure:13142: /root/toolchain/bin/mips-linux-gnu-gcc -o conftest -muclibc -O3 -lrt -I../_install/include/  -muclibc -O3 -lrt -I../_install/include/ -std=c++11  -muclibc -O3 -L/root/_install/lib  -lpthread conftest.c -lrt   >&5
cc1: warning: command line option '-std=c++11' is valid for C++/ObjC++ but not for C [enabled by default]
configure:13142: $? = 0
configure:13151: result: yes
configure:13176: checking wordexp.h usability
configure:13176: /root/toolchain/bin/mips-linux-gnu-gcc -c -muclibc -O3 -lrt -I../_install/include/  -muclibc -O3 -lrt -I../_install/include/ -std=c++11  conftest.c >&5
cc1: warning: command line option '-std=c++11' is valid for C++/ObjC++ but not for C [enabled by default]
configure:13176: $? = 0
configure:13176: result: yes
configure:13176: checking wordexp.h presence
configure:13176: /root/toolchain/bin/mips-linux-gnu-cpp -muclibc -O3 -lrt -I../_install/include/ -std=c++11  conftest.c
cc1: warning: command line option '-std=c++11' is valid for C++/ObjC++ but not for C [enabled by default]
configure:13176: $? = 0
configure:13176: result: yes
configure:13176: checking for wordexp.h
configure:13176: result: yes
configure:13176: checking endian.h usability
configure:13176: /root/toolchain/bin/mips-linux-gnu-gcc -c -muclibc -O3 -lrt -I../_install/include/  -muclibc -O3 -lrt -I../_install/include/ -std=c++11  conftest.c >&5
cc1: warning: command line option '-std=c++11' is valid for C++/ObjC++ but not for C [enabled by default]
configure:13176: $? = 0
configure:13176: result: yes
configure:13176: checking endian.h presence
configure:13176: /root/toolchain/bin/mips-linux-gnu-cpp -muclibc -O3 -lrt -I../_install/include/ -std=c++11  conftest.c
cc1: warning: command line option '-std=c++11' is valid for C++/ObjC++ but not for C [enabled by default]
configure:13176: $? = 0
configure:13176: result: yes
configure:13176: checking for endian.h
configure:13176: result: yes
configure:13176: checking sys/endian.h usability
configure:13176: /root/toolchain/bin/mips-linux-gnu-gcc -c -muclibc -O3 -lrt -I../_install/include/  -muclibc -O3 -lrt -I../_install/include/ -std=c++11  conftest.c >&5
cc1: warning: command line option '-std=c++11' is valid for C++/ObjC++ but not for C [enabled by default]
conftest.c:76:24: fatal error: sys/endian.h: No such file or directory
compilation terminated.
configure:13176: $? = 1
configure: failed program was:
| /* confdefs.h */
| #define PACKAGE_NAME "alsa-lib"
| #define PACKAGE_TARNAME "alsa-lib"
| #define PACKAGE_VERSION "1.1.0"
| #define PACKAGE_STRING "alsa-lib 1.1.0"
| #define PACKAGE_BUGREPORT ""
| #define PACKAGE_URL ""
| #define PACKAGE "alsa-lib"
| #define VERSION "1.1.0"
| #define STDC_HEADERS 1
| #define HAVE_SYS_TYPES_H 1
| #define HAVE_SYS_STAT_H 1
| #define HAVE_STDLIB_H 1
| #define HAVE_STRING_H 1
| #define HAVE_MEMORY_H 1
| #define HAVE_STRINGS_H 1
| #define HAVE_INTTYPES_H 1
| #define HAVE_STDINT_H 1
| #define HAVE_UNISTD_H 1
| #define __EXTENSIONS__ 1
| #define _ALL_SOURCE 1
| #define _GNU_SOURCE 1
| #define _POSIX_PTHREAD_SEMANTICS 1
| #define _TANDEM_SOURCE 1
| #define HAVE_DLFCN_H 1
| #define LT_OBJDIR ".libs/"
| #define STDC_HEADERS 1
| #define TIME_WITH_SYS_TIME 1
| #define VERSION "1.1.0"
| #define ALSA_CONFIG_DIR "/root/_install/share/alsa"
| #define ALSA_PLUGIN_DIR "/root/_install/lib/alsa-lib"
| #define ALSA_PKGCONF_DIR "/root/_install/lib/pkgconfig"
| #define __SYMBOL_PREFIX ""
| #define TMPDIR "/tmp"
| #define HAVE_LIBDL 1
| #define HAVE_LIBPTHREAD 1
| #define HAVE___THREAD 1
| #define HAVE_LIBRT 1
| #define HAVE_CLOCK_GETTIME 1
| #define HAVE_WORDEXP_H 1
| #define HAVE_ENDIAN_H 1
| /* end confdefs.h.  */
| #include <stdio.h>
| #ifdef HAVE_SYS_TYPES_H
| # include <sys/types.h>
| #endif
| #ifdef HAVE_SYS_STAT_H
| # include <sys/stat.h>
| #endif
| #ifdef STDC_HEADERS
| # include <stdlib.h>
| # include <stddef.h>
| #else
| # ifdef HAVE_STDLIB_H
| #  include <stdlib.h>
| # endif
| #endif
| #ifdef HAVE_STRING_H
| # if !defined STDC_HEADERS && defined HAVE_MEMORY_H
| #  include <memory.h>
| # endif
| # include <string.h>
| #endif
| #ifdef HAVE_STRINGS_H
| # include <strings.h>
| #endif
| #ifdef HAVE_INTTYPES_H
| # include <inttypes.h>
| #endif
| #ifdef HAVE_STDINT_H
| # include <stdint.h>
| #endif
| #ifdef HAVE_UNISTD_H
| # include <unistd.h>
| #endif
| #include <sys/endian.h>
configure:13176: result: no
configure:13176: checking sys/endian.h presence
configure:13176: /root/toolchain/bin/mips-linux-gnu-cpp -muclibc -O3 -lrt -I../_install/include/ -std=c++11  conftest.c
cc1: warning: command line option '-std=c++11' is valid for C++/ObjC++ but not for C [enabled by default]
conftest.c:43:24: fatal error: sys/endian.h: No such file or directory
compilation terminated.
configure:13176: $? = 1
configure: failed program was:
| /* confdefs.h */
| #define PACKAGE_NAME "alsa-lib"
| #define PACKAGE_TARNAME "alsa-lib"
| #define PACKAGE_VERSION "1.1.0"
| #define PACKAGE_STRING "alsa-lib 1.1.0"
| #define PACKAGE_BUGREPORT ""
| #define PACKAGE_URL ""
| #define PACKAGE "alsa-lib"
| #define VERSION "1.1.0"
| #define STDC_HEADERS 1
| #define HAVE_SYS_TYPES_H 1
| #define HAVE_SYS_STAT_H 1
| #define HAVE_STDLIB_H 1
| #define HAVE_STRING_H 1
| #define HAVE_MEMORY_H 1
| #define HAVE_STRINGS_H 1
| #define HAVE_INTTYPES_H 1
| #define HAVE_STDINT_H 1
| #define HAVE_UNISTD_H 1
| #define __EXTENSIONS__ 1
| #define _ALL_SOURCE 1
| #define _GNU_SOURCE 1
| #define _POSIX_PTHREAD_SEMANTICS 1
| #define _TANDEM_SOURCE 1
| #define HAVE_DLFCN_H 1
| #define LT_OBJDIR ".libs/"
| #define STDC_HEADERS 1
| #define TIME_WITH_SYS_TIME 1
| #define VERSION "1.1.0"
| #define ALSA_CONFIG_DIR "/root/_install/share/alsa"
| #define ALSA_PLUGIN_DIR "/root/_install/lib/alsa-lib"
| #define ALSA_PKGCONF_DIR "/root/_install/lib/pkgconfig"
| #define __SYMBOL_PREFIX ""
| #define TMPDIR "/tmp"
| #define HAVE_LIBDL 1
| #define HAVE_LIBPTHREAD 1
| #define HAVE___THREAD 1
| #define HAVE_LIBRT 1
| #define HAVE_CLOCK_GETTIME 1
| #define HAVE_WORDEXP_H 1
| #define HAVE_ENDIAN_H 1
| /* end confdefs.h.  */
| #include <sys/endian.h>
configure:13176: result: no
configure:13176: checking for sys/endian.h
configure:13176: result: no
configure:13176: checking sys/shm.h usability
configure:13176: /root/toolchain/bin/mips-linux-gnu-gcc -c -muclibc -O3 -lrt -I../_install/include/  -muclibc -O3 -lrt -I../_install/include/ -std=c++11  conftest.c >&5
cc1: warning: command line option '-std=c++11' is valid for C++/ObjC++ but not for C [enabled by default]
configure:13176: $? = 0
configure:13176: result: yes
configure:13176: checking sys/shm.h presence
configure:13176: /root/toolchain/bin/mips-linux-gnu-cpp -muclibc -O3 -lrt -I../_install/include/ -std=c++11  conftest.c
cc1: warning: command line option '-std=c++11' is valid for C++/ObjC++ but not for C [enabled by default]
configure:13176: $? = 0
configure:13176: result: yes
configure:13176: checking for sys/shm.h
configure:13176: result: yes
configure:13187: checking for resmgr support
configure:13196: result: no
configure:13251: checking for aload* support
configure:13260: result: yes
configure:13268: checking for ALSA device file directory
configure:13286: result: /dev/snd/
configure:13289: checking for aload* device file directory
configure:13307: result: /dev/
configure:13546: checking whether GCC supports builtin atomic intrinsics
configure:13564: /root/toolchain/bin/mips-linux-gnu-gcc -o conftest -muclibc -O3 -lrt -I../_install/include/  -muclibc -O3 -lrt -I../_install/include/ -std=c++11  -muclibc -O3 -L/root/_install/lib  -lpthread conftest.c  >&5
cc1: warning: command line option '-std=c++11' is valid for C++/ObjC++ but not for C [enabled by default]
configure:13564: $? = 0
configure:13572: result: yes
configure:13962: checking for max number of cards
configure:13972: result: 32
configure:14103: checking that generated files are newer than configure
configure:14109: result: done
configure:14316: creating ./config.status

## ---------------------- ##
## Running config.status. ##
## ---------------------- ##

This file was extended by alsa-lib config.status 1.1.0, which was
generated by GNU Autoconf 2.69.  Invocation command line was

  CONFIG_FILES    = 
  CONFIG_HEADERS  = 
  CONFIG_LINKS    = 
  CONFIG_COMMANDS = 
  $ ./config.status 

on e6a00c6b8402

config.status:1269: creating Makefile
config.status:1269: creating doc/Makefile
config.status:1269: creating doc/pictures/Makefile
config.status:1269: creating doc/doxygen.cfg
config.status:1269: creating include/Makefile
config.status:1269: creating include/sound/Makefile
config.status:1269: creating src/Versions
config.status:1269: creating src/Makefile
config.status:1269: creating src/control/Makefile
config.status:1269: creating src/mixer/Makefile
config.status:1269: creating src/pcm/Makefile
config.status:1269: creating src/pcm/scopes/Makefile
config.status:1269: creating src/rawmidi/Makefile
config.status:1269: creating src/timer/Makefile
config.status:1269: creating src/hwdep/Makefile
config.status:1269: creating src/seq/Makefile
config.status:1269: creating src/ucm/Makefile
config.status:1269: creating src/alisp/Makefile
config.status:1269: creating src/topology/Makefile
config.status:1269: creating src/conf/Makefile
config.status:1269: creating src/conf/alsa.conf.d/Makefile
config.status:1269: creating src/conf/cards/Makefile
config.status:1269: creating src/conf/pcm/Makefile
config.status:1269: creating src/conf/ucm/Makefile
config.status:1269: creating src/conf/ucm/DAISY-I2S/Makefile
config.status:1269: creating src/conf/ucm/PandaBoard/Makefile
config.status:1269: creating src/conf/ucm/PandaBoardES/Makefile
config.status:1269: creating src/conf/ucm/SDP4430/Makefile
config.status:1269: creating src/conf/ucm/tegraalc5632/Makefile
config.status:1269: creating src/conf/ucm/PAZ00/Makefile
config.status:1269: creating src/conf/ucm/GoogleNyan/Makefile
config.status:1269: creating src/conf/ucm/broadwell-rt286/Makefile
config.status:1269: creating src/conf/topology/Makefile
config.status:1269: creating src/conf/topology/broadwell/Makefile
config.status:1269: creating modules/Makefile
config.status:1269: creating modules/mixer/Makefile
config.status:1269: creating modules/mixer/simple/Makefile
config.status:1269: creating alsalisp/Makefile
config.status:1269: creating aserver/Makefile
config.status:1269: creating test/Makefile
config.status:1269: creating test/lsb/Makefile
config.status:1269: creating utils/Makefile
config.status:1269: creating utils/alsa-lib.spec
config.status:1269: creating utils/alsa.pc
config.status:1269: creating include/config.h
config.status:1450: include/config.h is unchanged
config.status:1498: executing depfiles commands
config.status:1498: executing libtool commands
configure:16498: WARNING: unrecognized options: --disable-gtk-doc, --disable-gtk-doc-html, --disable-doc, --disable-docs, --disable-documentation, --with-xmlto, --with-fop, --disable-ipv6

## ---------------- ##
## Cache variables. ##
## ---------------- ##

ac_cv_build=x86_64-unknown-linux-gnu
ac_cv_c_compiler_gnu=yes
ac_cv_c_const=yes
ac_cv_c_inline=inline
ac_cv_env_CC_set=set
ac_cv_env_CC_value=/root/toolchain/bin/mips-linux-gnu-gcc
ac_cv_env_CFLAGS_set=set
ac_cv_env_CFLAGS_value='-muclibc -O3 -lrt -I../_install/include/ '
ac_cv_env_CPPFLAGS_set=set
ac_cv_env_CPPFLAGS_value='-muclibc -O3 -lrt -I../_install/include/ -std=c++11 '
ac_cv_env_CPP_set=set
ac_cv_env_CPP_value=/root/toolchain/bin/mips-linux-gnu-cpp
ac_cv_env_LDFLAGS_set=set
ac_cv_env_LDFLAGS_value='-muclibc -O3 -L/root/_install/lib  -lpthread'
ac_cv_env_LIBS_set=
ac_cv_env_LIBS_value=
ac_cv_env_LT_SYS_LIBRARY_PATH_set=
ac_cv_env_LT_SYS_LIBRARY_PATH_value=
ac_cv_env_build_alias_set=
ac_cv_env_build_alias_value=
ac_cv_env_host_alias_set=set
ac_cv_env_host_alias_value=mips-linux-gnu
ac_cv_env_target_alias_set=
ac_cv_env_target_alias_value=
ac_cv_func_dlopen=no
ac_cv_func_fork=yes
ac_cv_func_shl_load=no
ac_cv_func_uselocale=no
ac_cv_header_dlfcn_h=yes
ac_cv_header_endian_h=yes
ac_cv_header_inttypes_h=yes
ac_cv_header_memory_h=yes
ac_cv_header_minix_config_h=no
ac_cv_header_stdc=yes
ac_cv_header_stdint_h=yes
ac_cv_header_stdlib_h=yes
ac_cv_header_string_h=yes
ac_cv_header_strings_h=yes
ac_cv_header_sys_endian_h=no
ac_cv_header_sys_shm_h=yes
ac_cv_header_sys_stat_h=yes
ac_cv_header_sys_types_h=yes
ac_cv_header_time=yes
ac_cv_header_unistd_h=yes
ac_cv_header_wordexp_h=yes
ac_cv_host=mips-unknown-linux-gnu
ac_cv_lib_dl_dlopen=yes
ac_cv_lib_dl_dlsym=yes
ac_cv_lib_dld_shl_load=no
ac_cv_lib_pthread_pthread_join=yes
ac_cv_lib_rt_clock_gettime=yes
ac_cv_objext=o
ac_cv_path_EGREP='/bin/grep -E'
ac_cv_path_FGREP='/bin/grep -F'
ac_cv_path_GREP=/bin/grep
ac_cv_path_SED=/bin/sed
ac_cv_path_lt_DD=/bin/dd
ac_cv_path_mkdir=/bin/mkdir
ac_cv_prog_AR=/root/toolchain/bin/mips-linux-gnu-ar
ac_cv_prog_AWK=mawk
ac_cv_prog_CC=/root/toolchain/bin/mips-linux-gnu-gcc
ac_cv_prog_CPP=/root/toolchain/bin/mips-linux-gnu-cpp
ac_cv_prog_OBJDUMP=mips-linux-gnu-objdump
ac_cv_prog_RANLIB=mips-linux-gnu-ranlib
ac_cv_prog_STRIP=/root/toolchain/bin/mips-linux-gnu-strip
ac_cv_prog_cc_c89=
ac_cv_prog_cc_g=yes
ac_cv_prog_gcc_traditional=no
ac_cv_prog_make_make_set=yes
ac_cv_safe_to_define___extensions__=yes
am_cv_CC_dependencies_compiler_type=none
am_cv_make_support_nested_variables=yes
am_cv_prog_cc_c_o=yes
cc_cv_ldflags__Wl___no_undefined=yes
lt_cv_ar_at_file=@
lt_cv_archive_cmds_need_lc=no
lt_cv_deplibs_check_method=pass_all
lt_cv_dlopen=dlopen
lt_cv_dlopen_libs=-ldl
lt_cv_dlopen_self=cross
lt_cv_file_magic_cmd='$MAGIC_CMD'
lt_cv_file_magic_test_file=
lt_cv_ld_reload_flag=-r
lt_cv_nm_interface='BSD nm'
lt_cv_objdir=.libs
lt_cv_path_LD=/root/toolchain/bin/mips-linux-gnu-ld
lt_cv_path_NM='/usr/bin/mips-linux-gnu-nm -B'
lt_cv_path_mainfest_tool=no
lt_cv_prog_compiler_c_o=yes
lt_cv_prog_compiler_pic='-fPIC -DPIC'
lt_cv_prog_compiler_pic_works=yes
lt_cv_prog_compiler_rtti_exceptions=no
lt_cv_prog_compiler_static_works=yes
lt_cv_prog_gnu_ld=yes
lt_cv_sharedlib_from_linklib_cmd='printf %s\n'
lt_cv_shlibpath_overrides_runpath=no
lt_cv_sys_global_symbol_pipe='sed -n -e '\''s/^.*[	 ]\([ABCDGIRSTW][ABCDGIRSTW]*\)[	 ][	 ]*\([_A-Za-z][_A-Za-z0-9]*\)$/\1 \2 \2/p'\'' | sed '\''/ __gnu_lto/d'\'''
lt_cv_sys_global_symbol_to_c_name_address='sed -n -e '\''s/^: \(.*\) .*$/  {"\1", (void *) 0},/p'\'' -e '\''s/^[ABCDGIRSTW][ABCDGIRSTW]* .* \(.*\)$/  {"\1", (void *) \&\1},/p'\'''
lt_cv_sys_global_symbol_to_c_name_address_lib_prefix='sed -n -e '\''s/^: \(.*\) .*$/  {"\1", (void *) 0},/p'\'' -e '\''s/^[ABCDGIRSTW][ABCDGIRSTW]* .* \(lib.*\)$/  {"\1", (void *) \&\1},/p'\'' -e '\''s/^[ABCDGIRSTW][ABCDGIRSTW]* .* \(.*\)$/  {"lib\1", (void *) \&\1},/p'\'''
lt_cv_sys_global_symbol_to_cdecl='sed -n -e '\''s/^T .* \(.*\)$/extern int \1();/p'\'' -e '\''s/^[ABCDGIRSTW][ABCDGIRSTW]* .* \(.*\)$/extern char \1;/p'\'''
lt_cv_sys_global_symbol_to_import=
lt_cv_sys_max_cmd_len=1572864
lt_cv_to_host_file_cmd=func_convert_file_noop
lt_cv_to_tool_file_cmd=func_convert_file_noop
lt_cv_truncate_bin='/bin/dd bs=4096 count=1'

## ----------------- ##
## Output variables. ##
## ----------------- ##

ACLOCAL='${SHELL} /root/alsa-lib-1.1.0/missing aclocal-1.15'
ALSA_CONFIG_DIR='/root/_install/share/alsa'
ALSA_DEPLIBS='-lm -ldl -lpthread -lrt'
ALSA_PKGCONF_DIR='/root/_install/lib/pkgconfig'
ALSA_PLUGIN_DIR='/root/_install/lib/alsa-lib'
AMDEPBACKSLASH=''
AMDEP_FALSE=''
AMDEP_TRUE='#'
AMTAR='$${TAR-tar}'
AM_BACKSLASH='\'
AM_DEFAULT_V='$(AM_DEFAULT_VERBOSITY)'
AM_DEFAULT_VERBOSITY='0'
AM_V='$(V)'
AR='/root/toolchain/bin/mips-linux-gnu-ar'
AUTOCONF='${SHELL} /root/alsa-lib-1.1.0/missing autoconf'
AUTOHEADER='${SHELL} /root/alsa-lib-1.1.0/missing autoheader'
AUTOMAKE='${SHELL} /root/alsa-lib-1.1.0/missing automake-1.15'
AWK='mawk'
BUILD_ALISP_FALSE=''
BUILD_ALISP_TRUE='#'
BUILD_CTL_PLUGIN_EXT_FALSE='#'
BUILD_CTL_PLUGIN_EXT_TRUE=''
BUILD_CTL_PLUGIN_FALSE='#'
BUILD_CTL_PLUGIN_SHM_FALSE='#'
BUILD_CTL_PLUGIN_SHM_TRUE=''
BUILD_CTL_PLUGIN_TRUE=''
BUILD_HWDEP_FALSE=''
BUILD_HWDEP_TRUE='#'
BUILD_MIXER_FALSE=''
BUILD_MIXER_TRUE='#'
BUILD_MODULES_FALSE='#'
BUILD_MODULES_TRUE=''
BUILD_PCM_FALSE='#'
BUILD_PCM_PLUGIN_ADPCM_FALSE='#'
BUILD_PCM_PLUGIN_ADPCM_TRUE=''
BUILD_PCM_PLUGIN_ALAW_FALSE='#'
BUILD_PCM_PLUGIN_ALAW_TRUE=''
BUILD_PCM_PLUGIN_ASYM_FALSE='#'
BUILD_PCM_PLUGIN_ASYM_TRUE=''
BUILD_PCM_PLUGIN_COPY_FALSE='#'
BUILD_PCM_PLUGIN_COPY_TRUE=''
BUILD_PCM_PLUGIN_DMIX_FALSE='#'
BUILD_PCM_PLUGIN_DMIX_TRUE=''
BUILD_PCM_PLUGIN_DSHARE_FALSE='#'
BUILD_PCM_PLUGIN_DSHARE_TRUE=''
BUILD_PCM_PLUGIN_DSNOOP_FALSE='#'
BUILD_PCM_PLUGIN_DSNOOP_TRUE=''
BUILD_PCM_PLUGIN_EMPTY_FALSE='#'
BUILD_PCM_PLUGIN_EMPTY_TRUE=''
BUILD_PCM_PLUGIN_EXTPLUG_FALSE='#'
BUILD_PCM_PLUGIN_EXTPLUG_TRUE=''
BUILD_PCM_PLUGIN_FALSE='#'
BUILD_PCM_PLUGIN_FILE_FALSE='#'
BUILD_PCM_PLUGIN_FILE_TRUE=''
BUILD_PCM_PLUGIN_HOOKS_FALSE='#'
BUILD_PCM_PLUGIN_HOOKS_TRUE=''
BUILD_PCM_PLUGIN_IEC958_FALSE='#'
BUILD_PCM_PLUGIN_IEC958_TRUE=''
BUILD_PCM_PLUGIN_IOPLUG_FALSE='#'
BUILD_PCM_PLUGIN_IOPLUG_TRUE=''
BUILD_PCM_PLUGIN_LADSPA_FALSE='#'
BUILD_PCM_PLUGIN_LADSPA_TRUE=''
BUILD_PCM_PLUGIN_LFLOAT_FALSE='#'
BUILD_PCM_PLUGIN_LFLOAT_TRUE=''
BUILD_PCM_PLUGIN_LINEAR_FALSE='#'
BUILD_PCM_PLUGIN_LINEAR_TRUE=''
BUILD_PCM_PLUGIN_METER_FALSE='#'
BUILD_PCM_PLUGIN_METER_TRUE=''
BUILD_PCM_PLUGIN_MMAP_EMUL_FALSE='#'
BUILD_PCM_PLUGIN_MMAP_EMUL_TRUE=''
BUILD_PCM_PLUGIN_MULAW_FALSE='#'
BUILD_PCM_PLUGIN_MULAW_TRUE=''
BUILD_PCM_PLUGIN_MULTI_FALSE='#'
BUILD_PCM_PLUGIN_MULTI_TRUE=''
BUILD_PCM_PLUGIN_NULL_FALSE='#'
BUILD_PCM_PLUGIN_NULL_TRUE=''
BUILD_PCM_PLUGIN_PLUG_FALSE='#'
BUILD_PCM_PLUGIN_PLUG_TRUE=''
BUILD_PCM_PLUGIN_RATE_FALSE='#'
BUILD_PCM_PLUGIN_RATE_TRUE=''
BUILD_PCM_PLUGIN_ROUTE_FALSE='#'
BUILD_PCM_PLUGIN_ROUTE_TRUE=''
BUILD_PCM_PLUGIN_SHARE_FALSE='#'
BUILD_PCM_PLUGIN_SHARE_TRUE=''
BUILD_PCM_PLUGIN_SHM_FALSE='#'
BUILD_PCM_PLUGIN_SHM_TRUE=''
BUILD_PCM_PLUGIN_SOFTVOL_FALSE='#'
BUILD_PCM_PLUGIN_SOFTVOL_TRUE=''
BUILD_PCM_PLUGIN_TRUE=''
BUILD_PCM_TRUE=''
BUILD_PYTHON_FALSE=''
BUILD_PYTHON_TRUE='#'
BUILD_RAWMIDI_FALSE=''
BUILD_RAWMIDI_TRUE='#'
BUILD_SEQ_FALSE=''
BUILD_SEQ_TRUE='#'
BUILD_TOPOLOGY_FALSE='#'
BUILD_TOPOLOGY_TRUE=''
BUILD_UCM_FALSE='#'
BUILD_UCM_TRUE=''
CC='/root/toolchain/bin/mips-linux-gnu-gcc'
CCDEPMODE='depmode=none'
CFLAGS='-muclibc -O3 -lrt -I../_install/include/ '
CPP='/root/toolchain/bin/mips-linux-gnu-cpp'
CPPFLAGS='-muclibc -O3 -lrt -I../_install/include/ -std=c++11 '
CYGPATH_W='echo'
DEFS='-DHAVE_CONFIG_H'
DEPDIR='.deps'
DLLTOOL='false'
DSYMUTIL=''
DUMPBIN=''
ECHO_C=''
ECHO_N='-n'
ECHO_T=''
EGREP='/bin/grep -E'
EXEEXT=''
FGREP='/bin/grep -F'
GREP='/bin/grep'
INSTALL_DATA='${INSTALL} -m 644'
INSTALL_M4_FALSE='#'
INSTALL_M4_TRUE=''
INSTALL_PROGRAM='${INSTALL}'
INSTALL_SCRIPT='${INSTALL}'
INSTALL_STRIP_PROGRAM='$(install_sh) -c -s'
KEEP_OLD_SYMBOLS_FALSE=''
KEEP_OLD_SYMBOLS_TRUE='#'
LD='/root/toolchain/bin/mips-linux-gnu-ld'
LDFLAGS='-muclibc -O3 -L/root/_install/lib  -lpthread'
LDFLAGS_NOUNDEFINED='-Wl,--no-undefined'
LIBOBJS=''
LIBS=''
LIBTOOL='$(SHELL) $(top_builddir)/libtool'
LIBTOOL_VERSION_INFO='2:0:0'
LIPO=''
LN_S='ln -s'
LTLIBOBJS=''
LT_SYS_LIBRARY_PATH=''
MAINT=''
MAINTAINER_MODE_FALSE='#'
MAINTAINER_MODE_TRUE=''
MAKEINFO='${SHELL} /root/alsa-lib-1.1.0/missing makeinfo'
MANIFEST_TOOL=':'
MKDIR_P='/bin/mkdir -p'
NM='/usr/bin/mips-linux-gnu-nm -B'
NMEDIT=''
OBJDUMP='mips-linux-gnu-objdump'
OBJEXT='o'
OTOOL64=''
OTOOL=''
PACKAGE='alsa-lib'
PACKAGE_BUGREPORT=''
PACKAGE_NAME='alsa-lib'
PACKAGE_STRING='alsa-lib 1.1.0'
PACKAGE_TARNAME='alsa-lib'
PACKAGE_URL=''
PACKAGE_VERSION='1.1.0'
PATH_SEPARATOR=':'
PYTHON_INCLUDES=''
PYTHON_LIBS=''
RANLIB='mips-linux-gnu-ranlib'
SED='/bin/sed'
SET_MAKE=''
SHELL='/bin/bash'
SND_LIB_EXTRAVER='1000000'
SND_LIB_MAJOR='1'
SND_LIB_MINOR='1'
SND_LIB_SUBMINOR='0'
SND_LIB_VERSION='1.1.0'
STRIP='/root/toolchain/bin/mips-linux-gnu-strip'
SYMBOLIC_FUNCTIONS_FALSE=''
SYMBOLIC_FUNCTIONS_TRUE='#'
SYMBOL_PREFIX=''
VERSION='1.1.0'
VERSIONED_SYMBOLS_FALSE=''
VERSIONED_SYMBOLS_TRUE='#'
ac_ct_AR=''
ac_ct_CC=''
ac_ct_DUMPBIN=''
am__EXEEXT_FALSE=''
am__EXEEXT_TRUE='#'
am__fastdepCC_FALSE=''
am__fastdepCC_TRUE='#'
am__include='include'
am__isrc=''
am__leading_dot='.'
am__nodep=''
am__quote=''
am__tar='$${TAR-tar} chof - "$$tardir"'
am__untar='$${TAR-tar} xf -'
bindir='${exec_prefix}/bin'
build='x86_64-unknown-linux-gnu'
build_alias=''
build_cpu='x86_64'
build_os='linux-gnu'
build_vendor='unknown'
datadir='${datarootdir}'
datarootdir='${prefix}/share'
docdir='${datarootdir}/doc/${PACKAGE_TARNAME}'
dvidir='${docdir}'
exec_prefix='/root/_install'
host='mips-unknown-linux-gnu'
host_alias='mips-linux-gnu'
host_cpu='mips'
host_os='linux-gnu'
host_vendor='unknown'
htmldir='${docdir}'
includedir='${prefix}/include'
infodir='${datarootdir}/info'
install_sh='${SHELL} /root/alsa-lib-1.1.0/install-sh'
libdir='${exec_prefix}/lib'
libexecdir='${exec_prefix}/libexec'
localedir='${datarootdir}/locale'
localstatedir='${prefix}/var'
mandir='${datarootdir}/man'
mkdir_p='$(MKDIR_P)'
oldincludedir='/usr/include'
pdfdir='${docdir}'
prefix='/root/_install'
program_transform_name='s,x,x,'
psdir='${docdir}'
runstatedir='${localstatedir}/run'
sbindir='${exec_prefix}/sbin'
sharedstatedir='${prefix}/com'
sysconfdir='${prefix}/etc'
target_alias=''

## ----------- ##
## confdefs.h. ##
## ----------- ##

/* confdefs.h */
#define PACKAGE_NAME "alsa-lib"
#define PACKAGE_TARNAME "alsa-lib"
#define PACKAGE_VERSION "1.1.0"
#define PACKAGE_STRING "alsa-lib 1.1.0"
#define PACKAGE_BUGREPORT ""
#define PACKAGE_URL ""
#define PACKAGE "alsa-lib"
#define VERSION "1.1.0"
#define STDC_HEADERS 1
#define HAVE_SYS_TYPES_H 1
#define HAVE_SYS_STAT_H 1
#define HAVE_STDLIB_H 1
#define HAVE_STRING_H 1
#define HAVE_MEMORY_H 1
#define HAVE_STRINGS_H 1
#define HAVE_INTTYPES_H 1
#define HAVE_STDINT_H 1
#define HAVE_UNISTD_H 1
#define __EXTENSIONS__ 1
#define _ALL_SOURCE 1
#define _GNU_SOURCE 1
#define _POSIX_PTHREAD_SEMANTICS 1
#define _TANDEM_SOURCE 1
#define HAVE_DLFCN_H 1
#define LT_OBJDIR ".libs/"
#define STDC_HEADERS 1
#define TIME_WITH_SYS_TIME 1
#define VERSION "1.1.0"
#define ALSA_CONFIG_DIR "/root/_install/share/alsa"
#define ALSA_PLUGIN_DIR "/root/_install/lib/alsa-lib"
#define ALSA_PKGCONF_DIR "/root/_install/lib/pkgconfig"
#define __SYMBOL_PREFIX ""
#define TMPDIR "/tmp"
#define HAVE_LIBDL 1
#define HAVE_LIBPTHREAD 1
#define HAVE___THREAD 1
#define HAVE_LIBRT 1
#define HAVE_CLOCK_GETTIME 1
#define HAVE_WORDEXP_H 1
#define HAVE_ENDIAN_H 1
#define HAVE_SYS_SHM_H 1
#define SUPPORT_ALOAD "1"
#define ALSA_DEVICE_DIRECTORY "/dev/snd/"
#define ALOAD_DEVICE_DIRECTORY "/dev/"
#define BUILD_PCM "1"
#define BUILD_UCM "1"
#define BUILD_TOPOLOGY "1"
#define BUILD_PCM_PLUGIN_RATE "1"
#define BUILD_PCM_PLUGIN_ROUTE "1"
#define BUILD_PCM_PLUGIN_LFLOAT "1"
#define BUILD_PCM_PLUGIN_ADPCM "1"
#define BUILD_PCM_PLUGIN_MULAW "1"
#define BUILD_PCM_PLUGIN_ALAW "1"
#define BUILD_PCM_PLUGIN_MMAP_EMUL "1"
#define SND_MAX_CARDS 32

configure: exit 0
